Component: Arm Compiler for Embedded 6.23 Tool: armlink [5f102400]

==============================================================================

Section Cross References

    startup_stm32f411xe.o(RESET) refers to startup_stm32f411xe.o(STACK) for __initial_sp
    startup_stm32f411xe.o(RESET) refers to startup_stm32f411xe.o(.text) for Reset_Handler
    startup_stm32f411xe.o(RESET) refers to stm32f4xx_it.o(.text.NMI_Handler) for NMI_Handler
    startup_stm32f411xe.o(RESET) refers to stm32f4xx_it.o(.text.HardFault_Handler) for HardFault_Handler
    startup_stm32f411xe.o(RESET) refers to stm32f4xx_it.o(.text.MemManage_Handler) for MemManage_Handler
    startup_stm32f411xe.o(RESET) refers to stm32f4xx_it.o(.text.BusFault_Handler) for BusFault_Handler
    startup_stm32f411xe.o(RESET) refers to stm32f4xx_it.o(.text.UsageFault_Handler) for UsageFault_Handler
    startup_stm32f411xe.o(RESET) refers to port.o(.text.SVC_Handler) for SVC_Handler
    startup_stm32f411xe.o(RESET) refers to stm32f4xx_it.o(.text.DebugMon_Handler) for DebugMon_Handler
    startup_stm32f411xe.o(RESET) refers to port.o(.text.PendSV_Handler) for PendSV_Handler
    startup_stm32f411xe.o(RESET) refers to stm32f4xx_it.o(.text.SysTick_Handler) for SysTick_Handler
    startup_stm32f411xe.o(RESET) refers to stm32f4xx_it.o(.text.USART2_IRQHandler) for USART2_IRQHandler
    startup_stm32f411xe.o(.text) refers to system_stm32f4xx.o(.text.SystemInit) for SystemInit
    startup_stm32f411xe.o(.text) refers to entry.o(.ARM.Collect$$$$00000000) for __main
    main.o(.text.main) refers to stm32f4xx_hal.o(.text.HAL_Init) for HAL_Init
    main.o(.text.main) refers to main.o(.text.SystemClock_Config) for SystemClock_Config
    main.o(.text.main) refers to stm32f4xx_hal_gpio.o(.text.HAL_GPIO_WritePin) for HAL_GPIO_WritePin
    main.o(.text.main) refers to stm32f4xx_hal_gpio.o(.text.HAL_GPIO_Init) for HAL_GPIO_Init
    main.o(.text.main) refers to main.o(.bss..L_MergedGlobals) for .L_MergedGlobals
    main.o(.text.main) refers to stm32f4xx_hal_uart.o(.text.HAL_UART_Init) for HAL_UART_Init
    main.o(.text.main) refers to main.o(.rodata.str1.1) for .Lstr
    main.o(.text.main) refers to puts.o(i.puts) for puts
    main.o(.text.main) refers to cmsis_os2.o(.text.osKernelInitialize) for osKernelInitialize
    main.o(.text.main) refers to main.o(.text.StartDefaultTask) for StartDefaultTask
    main.o(.text.main) refers to main.o(.rodata.defaultTask_attributes) for defaultTask_attributes
    main.o(.text.main) refers to cmsis_os2.o(.text.osThreadNew) for osThreadNew
    main.o(.text.main) refers to main.o(.text.AppCreateTask) for AppCreateTask
    main.o(.text.main) refers to main.o(.rodata.appTaskCreate_attributes) for appTaskCreate_attributes
    main.o(.text.main) refers to cmsis_os2.o(.text.osKernelStart) for osKernelStart
    main.o(.ARM.exidx.text.main) refers to main.o(.text.main) for [Anonymous Symbol]
    main.o(.text.SystemClock_Config) refers to memseta.o(.text) for __aeabi_memclr4
    main.o(.text.SystemClock_Config) refers to stm32f4xx_hal_rcc.o(.text.HAL_RCC_OscConfig) for HAL_RCC_OscConfig
    main.o(.text.SystemClock_Config) refers to stm32f4xx_hal_rcc.o(.text.HAL_RCC_ClockConfig) for HAL_RCC_ClockConfig
    main.o(.ARM.exidx.text.SystemClock_Config) refers to main.o(.text.SystemClock_Config) for [Anonymous Symbol]
    main.o(.ARM.exidx.text.StartDefaultTask) refers to main.o(.text.StartDefaultTask) for [Anonymous Symbol]
    main.o(.text.AppCreateTask) refers to port.o(.text.vPortEnterCritical) for vPortEnterCritical
    main.o(.text.AppCreateTask) refers to main.o(.text.LED1_Task) for LED1_Task
    main.o(.text.AppCreateTask) refers to main.o(.rodata.led1Task_attributes) for led1Task_attributes
    main.o(.text.AppCreateTask) refers to cmsis_os2.o(.text.osThreadNew) for osThreadNew
    main.o(.text.AppCreateTask) refers to main.o(.bss..L_MergedGlobals) for .L_MergedGlobals
    main.o(.text.AppCreateTask) refers to puts.o(i.puts) for puts
    main.o(.text.AppCreateTask) refers to main.o(.text.LED2_Task) for LED2_Task
    main.o(.text.AppCreateTask) refers to main.o(.rodata.led2Task_attributes) for led2Task_attributes
    main.o(.text.AppCreateTask) refers to tasks.o(.text.vTaskDelete) for vTaskDelete
    main.o(.text.AppCreateTask) refers to port.o(.text.vPortExitCritical) for vPortExitCritical
    main.o(.ARM.exidx.text.AppCreateTask) refers to main.o(.text.AppCreateTask) for [Anonymous Symbol]
    main.o(.ARM.exidx.text.Error_Handler) refers to main.o(.text.Error_Handler) for [Anonymous Symbol]
    main.o(.text.fputc) refers to main.o(.bss..L_MergedGlobals) for .L_MergedGlobals
    main.o(.text.fputc) refers to stm32f4xx_hal_uart.o(.text.HAL_UART_Transmit) for HAL_UART_Transmit
    main.o(.ARM.exidx.text.fputc) refers to main.o(.text.fputc) for [Anonymous Symbol]
    main.o(.text.LED1_Task) refers to stm32f4xx_hal_gpio.o(.text.HAL_GPIO_WritePin) for HAL_GPIO_WritePin
    main.o(.text.LED1_Task) refers to cmsis_os2.o(.text.osDelay) for osDelay
[...]
    Removing tasks.o(.ARM.exidx.text.xTaskCreateStatic), (8 bytes).
    Removing tasks.o(.ARM.exidx.text.prvInitialiseNewTask), (8 bytes).
    Removing tasks.o(.ARM.exidx.text.prvAddNewTaskToReadyList), (8 bytes).
    Removing tasks.o(.ARM.exidx.text.xTaskCreate), (8 bytes).
    Removing tasks.o(.ARM.exidx.text.vTaskDelete), (8 bytes).
    Removing tasks.o(.text.vTaskDelayUntil), (204 bytes).
    Removing tasks.o(.ARM.exidx.text.vTaskDelayUntil), (8 bytes).
    Removing tasks.o(.ARM.exidx.text.vTaskSuspendAll), (8 bytes).
    Removing tasks.o(.ARM.exidx.text.xTaskResumeAll), (8 bytes).
    Removing tasks.o(.ARM.exidx.text.vTaskDelay), (8 bytes).
    Removing tasks.o(.text.eTaskGetState), (144 bytes).
    Removing tasks.o(.ARM.exidx.text.eTaskGetState), (8 bytes).
    Removing tasks.o(.text.uxTaskPriorityGet), (40 bytes).
    Removing tasks.o(.ARM.exidx.text.uxTaskPriorityGet), (8 bytes).
    Removing tasks.o(.text.uxTaskPriorityGetFromISR), (58 bytes).
    Removing tasks.o(.ARM.exidx.text.uxTaskPriorityGetFromISR), (8 bytes).
    Removing tasks.o(.text.vTaskPrioritySet), (228 bytes).
    Removing tasks.o(.ARM.exidx.text.vTaskPrioritySet), (8 bytes).
    Removing tasks.o(.text.vTaskSuspend), (356 bytes).
    Removing tasks.o(.ARM.exidx.text.vTaskSuspend), (8 bytes).
    Removing tasks.o(.ARM.exidx.text.vTaskSwitchContext), (8 bytes).
    Removing tasks.o(.text.vTaskResume), (150 bytes).
    Removing tasks.o(.ARM.exidx.text.vTaskResume), (8 bytes).
    Removing tasks.o(.text.xTaskResumeFromISR), (180 bytes).
    Removing tasks.o(.ARM.exidx.text.xTaskResumeFromISR), (8 bytes).
    Removing tasks.o(.ARM.exidx.text.vTaskStartScheduler), (8 bytes).
    Removing tasks.o(.ARM.exidx.text.prvIdleTask), (8 bytes).
    Removing tasks.o(.text.vTaskEndScheduler), (32 bytes).
    Removing tasks.o(.ARM.exidx.text.vTaskEndScheduler), (8 bytes).
    Removing tasks.o(.ARM.exidx.text.xTaskIncrementTick), (8 bytes).
    Removing tasks.o(.ARM.exidx.text.xTaskGetTickCount), (8 bytes).
    Removing tasks.o(.text.xTaskGetTickCountFromISR), (18 bytes).
    Removing tasks.o(.ARM.exidx.text.xTaskGetTickCountFromISR), (8 bytes).
    Removing tasks.o(.text.uxTaskGetNumberOfTasks), (12 bytes).
    Removing tasks.o(.ARM.exidx.text.uxTaskGetNumberOfTasks), (8 bytes).
    Removing tasks.o(.text.pcTaskGetName), (38 bytes).
    Removing tasks.o(.ARM.exidx.text.pcTaskGetName), (8 bytes).
    Removing tasks.o(.text.uxTaskGetSystemState), (1576 bytes).
    Removing tasks.o(.ARM.exidx.text.uxTaskGetSystemState), (8 bytes).
    Removing tasks.o(.text.xTaskCatchUpTicks), (48 bytes).
    Removing tasks.o(.ARM.exidx.text.xTaskCatchUpTicks), (8 bytes).
    Removing tasks.o(.ARM.exidx.text.vTaskPlaceOnEventList), (8 bytes).
    Removing tasks.o(.text.vTaskPlaceOnUnorderedEventList), (148 bytes).
    Removing tasks.o(.ARM.exidx.text.vTaskPlaceOnUnorderedEventList), (8 bytes).
    Removing tasks.o(.ARM.exidx.text.vTaskPlaceOnEventListRestricted), (8 bytes).
    Removing tasks.o(.ARM.exidx.text.xTaskRemoveFromEventList), (8 bytes).
    Removing tasks.o(.text.vTaskRemoveFromUnorderedEventList), (122 bytes).
    Removing tasks.o(.ARM.exidx.text.vTaskRemoveFromUnorderedEventList), (8 bytes).
    Removing tasks.o(.text.vTaskSetTimeOutState), (54 bytes).
    Removing tasks.o(.ARM.exidx.text.vTaskSetTimeOutState), (8 bytes).
    Removing tasks.o(.ARM.exidx.text.vTaskInternalSetTimeOutState), (8 bytes).
    Removing tasks.o(.ARM.exidx.text.xTaskCheckForTimeOut), (8 bytes).
    Removing tasks.o(.ARM.exidx.text.vTaskMissedYield), (8 bytes).
    Removing tasks.o(.text.uxTaskGetTaskNumber), (10 bytes).
    Removing tasks.o(.ARM.exidx.text.uxTaskGetTaskNumber), (8 bytes).
    Removing tasks.o(.text.vTaskSetTaskNumber), (8 bytes).
    Removing tasks.o(.ARM.exidx.text.vTaskSetTaskNumber), (8 bytes).
    Removing tasks.o(.text.vTaskGetInfo), (282 bytes).
    Removing tasks.o(.ARM.exidx.text.vTaskGetInfo), (8 bytes).
    Removing tasks.o(.text.uxTaskGetStackHighWaterMark), (84 bytes).
    Removing tasks.o(.ARM.exidx.text.uxTaskGetStackHighWaterMark), (8 bytes).
    Removing tasks.o(.text.xTaskGetCurrentTaskHandle), (12 bytes).
    Removing tasks.o(.ARM.exidx.text.xTaskGetCurrentTaskHandle), (8 bytes).
    Removing tasks.o(.ARM.exidx.text.xTaskGetSchedulerState), (8 bytes).
    Removing tasks.o(.text.xTaskPriorityInherit), (144 bytes).
    Removing tasks.o(.ARM.exidx.text.xTaskPriorityInherit), (8 bytes).
    Removing tasks.o(.ARM.exidx.text.xTaskPriorityDisinherit), (8 bytes).
    Removing tasks.o(.text.vTaskPriorityDisinheritAfterTimeout), (164 bytes).
    Removing tasks.o(.ARM.exidx.text.vTaskPriorityDisinheritAfterTimeout), (8 bytes).
    Removing tasks.o(.text.uxTaskResetEventItemValue), (26 bytes).
    Removing tasks.o(.ARM.exidx.text.uxTaskResetEventItemValue), (8 bytes).
    Removing tasks.o(.text.pvTaskIncrementMutexHeldCount), (24 bytes).
    Removing tasks.o(.ARM.exidx.text.pvTaskIncrementMutexHeldCount), (8 bytes).
    Removing tasks.o(.text.ulTaskNotifyTake), (172 bytes).
    Removing tasks.o(.ARM.exidx.text.ulTaskNotifyTake), (8 bytes).
    Removing tasks.o(.text.xTaskNotifyWait), (206 bytes).
    Removing tasks.o(.ARM.exidx.text.xTaskNotifyWait), (8 bytes).
    Removing tasks.o(.text.xTaskGenericNotify), (256 bytes).
    Removing tasks.o(.ARM.exidx.text.xTaskGenericNotify), (8 bytes).
    Removing tasks.o(.text.xTaskGenericNotifyFromISR), (302 bytes).
    Removing tasks.o(.ARM.exidx.text.xTaskGenericNotifyFromISR), (8 bytes).
    Removing tasks.o(.text.vTaskNotifyGiveFromISR), (196 bytes).
    Removing tasks.o(.ARM.exidx.text.vTaskNotifyGiveFromISR), (8 bytes).
    Removing tasks.o(.text.xTaskNotifyStateClear), (44 bytes).
    Removing tasks.o(.ARM.exidx.text.xTaskNotifyStateClear), (8 bytes).
    Removing tasks.o(.text.ulTaskNotifyValueClear), (42 bytes).
    Removing tasks.o(.ARM.exidx.text.ulTaskNotifyValueClear), (8 bytes).
    Removing timers.o(.text), (0 bytes).
    Removing timers.o(.ARM.exidx.text.xTimerCreateTimerTask), (8 bytes).
    Removing timers.o(.ARM.exidx.text.prvTimerTask), (8 bytes).
    Removing timers.o(.text.xTimerCreate), (58 bytes).
    Removing timers.o(.ARM.exidx.text.xTimerCreate), (8 bytes).
    Removing timers.o(.text.prvInitialiseNewTimer), (174 bytes).
    Removing timers.o(.ARM.exidx.text.prvInitialiseNewTimer), (8 bytes).
    Removing timers.o(.text.xTimerCreateStatic), (82 bytes).
    Removing timers.o(.ARM.exidx.text.xTimerCreateStatic), (8 bytes).
    Removing timers.o(.text.xTimerGenericCommand), (118 bytes).
    Removing timers.o(.ARM.exidx.text.xTimerGenericCommand), (8 bytes).
    Removing timers.o(.text.xTimerGetTimerDaemonTaskHandle), (34 bytes).
    Removing timers.o(.ARM.exidx.text.xTimerGetTimerDaemonTaskHandle), (8 bytes).
    Removing timers.o(.text.xTimerGetPeriod), (26 bytes).
    Removing timers.o(.ARM.exidx.text.xTimerGetPeriod), (8 bytes).
    Removing timers.o(.text.vTimerSetReloadMode), (62 bytes).
    Removing timers.o(.ARM.exidx.text.vTimerSetReloadMode), (8 bytes).
    Removing timers.o(.text.uxTimerGetReloadMode), (46 bytes).
    Removing timers.o(.ARM.exidx.text.uxTimerGetReloadMode), (8 bytes).
    Removing timers.o(.text.xTimerGetExpiryTime), (26 bytes).
    Removing timers.o(.ARM.exidx.text.xTimerGetExpiryTime), (8 bytes).
    Removing timers.o(.text.pcTimerGetName), (26 bytes).
    Removing timers.o(.ARM.exidx.text.pcTimerGetName), (8 bytes).
    Removing timers.o(.text.xTimerIsTimerActive), (46 bytes).
    Removing timers.o(.ARM.exidx.text.xTimerIsTimerActive), (8 bytes).
    Removing timers.o(.text.pvTimerGetTimerID), (38 bytes).
    Removing timers.o(.ARM.exidx.text.pvTimerGetTimerID), (8 bytes).
    Removing timers.o(.text.vTimerSetTimerID), (42 bytes).
    Removing timers.o(.ARM.exidx.text.vTimerSetTimerID), (8 bytes).
    Removing timers.o(.text.xTimerPendFunctionCallFromISR), (42 bytes).
    Removing timers.o(.ARM.exidx.text.xTimerPendFunctionCallFromISR), (8 bytes).
    Removing timers.o(.text.xTimerPendFunctionCall), (70 bytes).
    Removing timers.o(.ARM.exidx.text.xTimerPendFunctionCall), (8 bytes).
    Removing timers.o(.text.uxTimerGetTimerNumber), (4 bytes).
    Removing timers.o(.ARM.exidx.text.uxTimerGetTimerNumber), (8 bytes).
    Removing timers.o(.text.vTimerSetTimerNumber), (4 bytes).
    Removing timers.o(.ARM.exidx.text.vTimerSetTimerNumber), (8 bytes).
    Removing cmsis_os2.o(.text), (0 bytes).
    Removing cmsis_os2.o(.ARM.exidx.text.osKernelInitialize), (8 bytes).
    Removing cmsis_os2.o(.text.osKernelGetInfo), (76 bytes).
    Removing cmsis_os2.o(.ARM.exidx.text.osKernelGetInfo), (8 bytes).
    Removing cmsis_os2.o(.text.osKernelGetState), (40 bytes).
    Removing cmsis_os2.o(.ARM.exidx.text.osKernelGetState), (8 bytes).
    Removing cmsis_os2.o(.ARM.exidx.text.osKernelStart), (8 bytes).
    Removing cmsis_os2.o(.text.osKernelLock), (46 bytes).
    Removing cmsis_os2.o(.ARM.exidx.text.osKernelLock), (8 bytes).
    Removing cmsis_os2.o(.text.osKernelUnlock), (70 bytes).
    Removing cmsis_os2.o(.ARM.exidx.text.osKernelUnlock), (8 bytes).
    Removing cmsis_os2.o(.text.osKernelRestoreLock), (78 bytes).
    Removing cmsis_os2.o(.ARM.exidx.text.osKernelRestoreLock), (8 bytes).
    Removing cmsis_os2.o(.text.osKernelGetTickCount), (16 bytes).
    Removing cmsis_os2.o(.ARM.exidx.text.osKernelGetTickCount), (8 bytes).
    Removing cmsis_os2.o(.text.osKernelGetTickFreq), (6 bytes).
    Removing cmsis_os2.o(.ARM.exidx.text.osKernelGetTickFreq), (8 bytes).
    Removing cmsis_os2.o(.text.osKernelGetSysTimerCount), (78 bytes).
    Removing cmsis_os2.o(.ARM.exidx.text.osKernelGetSysTimerCount), (8 bytes).
    Removing cmsis_os2.o(.text.osKernelGetSysTimerFreq), (12 bytes).
    Removing cmsis_os2.o(.ARM.exidx.text.osKernelGetSysTimerFreq), (8 bytes).
    Removing cmsis_os2.o(.ARM.exidx.text.osThreadNew), (8 bytes).
    Removing cmsis_os2.o(.text.osThreadGetName), (16 bytes).
    Removing cmsis_os2.o(.ARM.exidx.text.osThreadGetName), (8 bytes).
    Removing cmsis_os2.o(.text.osThreadGetId), (4 bytes).
    Removing cmsis_os2.o(.ARM.exidx.text.osThreadGetId), (8 bytes).
    Removing cmsis_os2.o(.text.osThreadGetState), (68 bytes).
    Removing cmsis_os2.o(.ARM.exidx.text.osThreadGetState), (8 bytes).
    Removing cmsis_os2.o(.text.osThreadGetStackSpace), (36 bytes).
    Removing cmsis_os2.o(.ARM.exidx.text.osThreadGetStackSpace), (8 bytes).
    Removing cmsis_os2.o(.text.osThreadSetPriority), (52 bytes).
    Removing cmsis_os2.o(.ARM.exidx.text.osThreadSetPriority), (8 bytes).
    Removing cmsis_os2.o(.text.osThreadGetPriority), (18 bytes).
    Removing cmsis_os2.o(.ARM.exidx.text.osThreadGetPriority), (8 bytes).
    Removing cmsis_os2.o(.text.osThreadYield), (40 bytes).
    Removing cmsis_os2.o(.ARM.exidx.text.osThreadYield), (8 bytes).
    Removing cmsis_os2.o(.text.osThreadSuspend), (34 bytes).
    Removing cmsis_os2.o(.ARM.exidx.text.osThreadSuspend), (8 bytes).
    Removing cmsis_os2.o(.text.osThreadResume), (34 bytes).
    Removing cmsis_os2.o(.ARM.exidx.text.osThreadResume), (8 bytes).
    Removing cmsis_os2.o(.text.osThreadExit), (10 bytes).
    Removing cmsis_os2.o(.ARM.exidx.text.osThreadExit), (8 bytes).
    Removing cmsis_os2.o(.text.osThreadTerminate), (52 bytes).
    Removing cmsis_os2.o(.ARM.exidx.text.osThreadTerminate), (8 bytes).
    Removing cmsis_os2.o(.text.osThreadGetCount), (16 bytes).
    Removing cmsis_os2.o(.ARM.exidx.text.osThreadGetCount), (8 bytes).
    Removing cmsis_os2.o(.text.osThreadEnumerate), (208 bytes).
    Removing cmsis_os2.o(.ARM.exidx.text.osThreadEnumerate), (8 bytes).
    Removing cmsis_os2.o(.text.osThreadFlagsSet), (132 bytes).
    Removing cmsis_os2.o(.ARM.exidx.text.osThreadFlagsSet), (8 bytes).
    Removing cmsis_os2.o(.text.osThreadFlagsClear), (88 bytes).
    Removing cmsis_os2.o(.ARM.exidx.text.osThreadFlagsClear), (8 bytes).
    Removing cmsis_os2.o(.text.osThreadFlagsGet), (48 bytes).
    Removing cmsis_os2.o(.ARM.exidx.text.osThreadFlagsGet), (8 bytes).
    Removing cmsis_os2.o(.text.osThreadFlagsWait), (386 bytes).
    Removing cmsis_os2.o(.ARM.exidx.text.osThreadFlagsWait), (8 bytes).
    Removing cmsis_os2.o(.ARM.exidx.text.osDelay), (8 bytes).
    Removing cmsis_os2.o(.text.osDelayUntil), (52 bytes).
    Removing cmsis_os2.o(.ARM.exidx.text.osDelayUntil), (8 bytes).
    Removing cmsis_os2.o(.text.osTimerNew), (138 bytes).
    Removing cmsis_os2.o(.ARM.exidx.text.osTimerNew), (8 bytes).
    Removing cmsis_os2.o(.text.TimerCallback), (22 bytes).
    Removing cmsis_os2.o(.ARM.exidx.text.TimerCallback), (8 bytes).
    Removing cmsis_os2.o(.text.osTimerGetName), (16 bytes).
    Removing cmsis_os2.o(.ARM.exidx.text.osTimerGetName), (8 bytes).
    Removing cmsis_os2.o(.text.osTimerStart), (58 bytes).
    Removing cmsis_os2.o(.ARM.exidx.text.osTimerStart), (8 bytes).
    Removing cmsis_os2.o(.text.osTimerStop), (76 bytes).
    Removing cmsis_os2.o(.ARM.exidx.text.osTimerStop), (8 bytes).
    Removing cmsis_os2.o(.text.osTimerIsRunning), (16 bytes).
    Removing cmsis_os2.o(.ARM.exidx.text.osTimerIsRunning), (8 bytes).
    Removing cmsis_os2.o(.text.osTimerDelete), (80 bytes).
    Removing cmsis_os2.o(.ARM.exidx.text.osTimerDelete), (8 bytes).
    Removing cmsis_os2.o(.text.osEventFlagsNew), (40 bytes).
    Removing cmsis_os2.o(.ARM.exidx.text.osEventFlagsNew), (8 bytes).
    Removing cmsis_os2.o(.text.osEventFlagsSet), (94 bytes).
    Removing cmsis_os2.o(.ARM.exidx.text.osEventFlagsSet), (8 bytes).
    Removing cmsis_os2.o(.text.osEventFlagsClear), (70 bytes).
    Removing cmsis_os2.o(.ARM.exidx.text.osEventFlagsClear), (8 bytes).
    Removing cmsis_os2.o(.text.osEventFlagsGet), (26 bytes).
    Removing cmsis_os2.o(.ARM.exidx.text.osEventFlagsGet), (8 bytes).
    Removing cmsis_os2.o(.text.osEventFlagsWait), (108 bytes).
    Removing cmsis_os2.o(.ARM.exidx.text.osEventFlagsWait), (8 bytes).
    Removing cmsis_os2.o(.text.osEventFlagsDelete), (34 bytes).
    Removing cmsis_os2.o(.ARM.exidx.text.osEventFlagsDelete), (8 bytes).
    Removing cmsis_os2.o(.text.osMutexNew), (116 bytes).
    Removing cmsis_os2.o(.ARM.exidx.text.osMutexNew), (8 bytes).
    Removing cmsis_os2.o(.text.osMutexAcquire), (70 bytes).
    Removing cmsis_os2.o(.ARM.exidx.text.osMutexAcquire), (8 bytes).
    Removing cmsis_os2.o(.text.osMutexRelease), (70 bytes).
    Removing cmsis_os2.o(.ARM.exidx.text.osMutexRelease), (8 bytes).
    Removing cmsis_os2.o(.text.osMutexGetOwner), (20 bytes).
    Removing cmsis_os2.o(.ARM.exidx.text.osMutexGetOwner), (8 bytes).
    Removing cmsis_os2.o(.text.osMutexDelete), (46 bytes).
    Removing cmsis_os2.o(.ARM.exidx.text.osMutexDelete), (8 bytes).
    Removing cmsis_os2.o(.text.osSemaphoreNew), (182 bytes).
    Removing cmsis_os2.o(.ARM.exidx.text.osSemaphoreNew), (8 bytes).
    Removing cmsis_os2.o(.text.osSemaphoreAcquire), (108 bytes).
    Removing cmsis_os2.o(.ARM.exidx.text.osSemaphoreAcquire), (8 bytes).
    Removing cmsis_os2.o(.text.osSemaphoreRelease), (100 bytes).
    Removing cmsis_os2.o(.ARM.exidx.text.osSemaphoreRelease), (8 bytes).
    Removing cmsis_os2.o(.text.osSemaphoreGetCount), (24 bytes).
    Removing cmsis_os2.o(.ARM.exidx.text.osSemaphoreGetCount), (8 bytes).
    Removing cmsis_os2.o(.text.osSemaphoreDelete), (42 bytes).
    Removing cmsis_os2.o(.ARM.exidx.text.osSemaphoreDelete), (8 bytes).
    Removing cmsis_os2.o(.text.osMessageQueueNew), (146 bytes).
    Removing cmsis_os2.o(.ARM.exidx.text.osMessageQueueNew), (8 bytes).
    Removing cmsis_os2.o(.text.osMessageQueuePut), (144 bytes).
    Removing cmsis_os2.o(.ARM.exidx.text.osMessageQueuePut), (8 bytes).
    Removing cmsis_os2.o(.text.osMessageQueueGet), (144 bytes).
    Removing cmsis_os2.o(.ARM.exidx.text.osMessageQueueGet), (8 bytes).
    Removing cmsis_os2.o(.text.osMessageQueueGetCapacity), (10 bytes).
    Removing cmsis_os2.o(.ARM.exidx.text.osMessageQueueGetCapacity), (8 bytes).
    Removing cmsis_os2.o(.text.osMessageQueueGetMsgSize), (10 bytes).
    Removing cmsis_os2.o(.ARM.exidx.text.osMessageQueueGetMsgSize), (8 bytes).
    Removing cmsis_os2.o(.text.osMessageQueueGetCount), (24 bytes).
    Removing cmsis_os2.o(.ARM.exidx.text.osMessageQueueGetCount), (8 bytes).
    Removing cmsis_os2.o(.text.osMessageQueueGetSpace), (52 bytes).
    Removing cmsis_os2.o(.ARM.exidx.text.osMessageQueueGetSpace), (8 bytes).
    Removing cmsis_os2.o(.text.osMessageQueueReset), (36 bytes).
    Removing cmsis_os2.o(.ARM.exidx.text.osMessageQueueReset), (8 bytes).
    Removing cmsis_os2.o(.text.osMessageQueueDelete), (42 bytes).
    Removing cmsis_os2.o(.ARM.exidx.text.osMessageQueueDelete), (8 bytes).
    Removing cmsis_os2.o(.text.osMemoryPoolNew), (296 bytes).
    Removing cmsis_os2.o(.ARM.exidx.text.osMemoryPoolNew), (8 bytes).
    Removing cmsis_os2.o(.text.osMemoryPoolGetName), (24 bytes).
    Removing cmsis_os2.o(.ARM.exidx.text.osMemoryPoolGetName), (8 bytes).
    Removing cmsis_os2.o(.text.osMemoryPoolAlloc), (222 bytes).
    Removing cmsis_os2.o(.ARM.exidx.text.osMemoryPoolAlloc), (8 bytes).
    Removing cmsis_os2.o(.text.osMemoryPoolFree), (224 bytes).
    Removing cmsis_os2.o(.ARM.exidx.text.osMemoryPoolFree), (8 bytes).
    Removing cmsis_os2.o(.text.osMemoryPoolGetCapacity), (24 bytes).
    Removing cmsis_os2.o(.ARM.exidx.text.osMemoryPoolGetCapacity), (8 bytes).
    Removing cmsis_os2.o(.text.osMemoryPoolGetBlockSize), (24 bytes).
    Removing cmsis_os2.o(.ARM.exidx.text.osMemoryPoolGetBlockSize), (8 bytes).
    Removing cmsis_os2.o(.text.osMemoryPoolGetCount), (54 bytes).
    Removing cmsis_os2.o(.ARM.exidx.text.osMemoryPoolGetCount), (8 bytes).
    Removing cmsis_os2.o(.text.osMemoryPoolGetSpace), (40 bytes).
    Removing cmsis_os2.o(.ARM.exidx.text.osMemoryPoolGetSpace), (8 bytes).
    Removing cmsis_os2.o(.text.osMemoryPoolDelete), (110 bytes).
    Removing cmsis_os2.o(.ARM.exidx.text.osMemoryPoolDelete), (8 bytes).
    Removing cmsis_os2.o(.ARM.exidx.text.vApplicationGetIdleTaskMemory), (8 bytes).
    Removing cmsis_os2.o(.ARM.exidx.text.vApplicationGetTimerTaskMemory), (8 bytes).
    Removing heap_4.o(.text), (0 bytes).
    Removing heap_4.o(.ARM.exidx.text.pvPortMalloc), (8 bytes).
    Removing heap_4.o(.ARM.exidx.text.vPortFree), (8 bytes).
    Removing heap_4.o(.text.xPortGetFreeHeapSize), (12 bytes).
    Removing heap_4.o(.ARM.exidx.text.xPortGetFreeHeapSize), (8 bytes).
    Removing heap_4.o(.text.xPortGetMinimumEverFreeHeapSize), (12 bytes).
    Removing heap_4.o(.ARM.exidx.text.xPortGetMinimumEverFreeHeapSize), (8 bytes).
    Removing heap_4.o(.text.vPortInitialiseBlocks), (2 bytes).
    Removing heap_4.o(.ARM.exidx.text.vPortInitialiseBlocks), (8 bytes).
    Removing heap_4.o(.text.vPortGetHeapStats), (186 bytes).
    Removing heap_4.o(.ARM.exidx.text.vPortGetHeapStats), (8 bytes).
    Removing port.o(.text), (0 bytes).
    Removing port.o(.ARM.exidx.text.pxPortInitialiseStack), (8 bytes).
    Removing port.o(.ARM.exidx.text.prvTaskExitError), (8 bytes).
    Removing port.o(.ARM.exidx.text.SVC_Handler), (8 bytes).
    Removing port.o(.ARM.exidx.text.xPortStartScheduler), (8 bytes).
    Removing port.o(.ARM.exidx.text.vPortSetupTimerInterrupt), (8 bytes).
    Removing port.o(.text.vPortEndScheduler), (38 bytes).
    Removing port.o(.ARM.exidx.text.vPortEndScheduler), (8 bytes).
    Removing port.o(.ARM.exidx.text.vPortEnterCritical), (8 bytes).
    Removing port.o(.ARM.exidx.text.vPortExitCritical), (8 bytes).
    Removing port.o(.ARM.exidx.text.PendSV_Handler), (8 bytes).
    Removing port.o(.ARM.exidx.text.xPortSysTickHandler), (8 bytes).
    Removing port.o(.text.vPortGetIPSR), (6 bytes).
    Removing port.o(.ARM.exidx.text.vPortGetIPSR), (8 bytes).
    Removing port.o(.text.vPortValidateInterruptPriority), (94 bytes).
    Removing port.o(.ARM.exidx.text.vPortValidateInterruptPriority), (8 bytes).

877 unused section(s) (total 42378 bytes) removed from the image.

==============================================================================

Image Symbol Table

    Local Symbols

    Symbol Name                              Value     Ov Type        Size  Object(Section)

    ../clib/microlib/division.c              0x00000000   Number         0  uldiv.o ABSOLUTE
    ../clib/microlib/init/entry.s            0x00000000   Number         0  entry.o ABSOLUTE
    ../clib/microlib/init/entry.s            0x00000000   Number         0  entry2.o ABSOLUTE
    ../clib/microlib/init/entry.s            0x00000000   Number         0  entry5.o ABSOLUTE
    ../clib/microlib/init/entry.s            0x00000000   Number         0  entry7a.o ABSOLUTE
    ../clib/microlib/init/entry.s            0x00000000   Number         0  entry7b.o ABSOLUTE
    ../clib/microlib/init/entry.s            0x00000000   Number         0  entry8a.o ABSOLUTE
    ../clib/microlib/init/entry.s            0x00000000   Number         0  entry8b.o ABSOLUTE
    ../clib/microlib/init/entry.s            0x00000000   Number         0  entry9a.o ABSOLUTE
    ../clib/microlib/init/entry.s            0x00000000   Number         0  entry9b.o ABSOLUTE
    ../clib/microlib/init/entry.s            0x00000000   Number         0  entry10a.o ABSOLUTE
    ../clib/microlib/init/entry.s            0x00000000   Number         0  entry10b.o ABSOLUTE
    ../clib/microlib/init/entry.s            0x00000000   Number         0  entry11a.o ABSOLUTE
    ../clib/microlib/init/entry.s            0x00000000   Number         0  entry11b.o ABSOLUTE
    ../clib/microlib/longlong.c              0x00000000   Number         0  llshl.o ABSOLUTE
    ../clib/microlib/longlong.c              0x00000000   Number         0  llushr.o ABSOLUTE
    ../clib/microlib/stdio/puts.c            0x00000000   Number         0  puts.o ABSOLUTE
    ../clib/microlib/stdio/puts.c            0x00000000   Number         0  puts_e.o ABSOLUTE
    ../clib/microlib/stdio/streams.c         0x00000000   Number         0  stdout.o ABSOLUTE
    ../clib/microlib/string/memcpy.c         0x00000000   Number         0  memcpya.o ABSOLUTE
    ../clib/microlib/string/memcpy.c         0x00000000   Number         0  memcpyb.o ABSOLUTE
    ../clib/microlib/string/memset.c         0x00000000   Number         0  memseta.o ABSOLUTE
    cmsis_os2.c                              0x00000000   Number         0  cmsis_os2.o ABSOLUTE
    croutine.c                               0x00000000   Number         0  croutine.o ABSOLUTE
    dc.s                                     0x00000000   Number         0  dc.o ABSOLUTE
    event_groups.c                           0x00000000   Number         0  event_groups.o ABSOLUTE
    freertos.c                               0x00000000   Number         0  freertos.o ABSOLUTE
    handlers.s                               0x00000000   Number         0  handlers.o ABSOLUTE
    heap_4.c                                 0x00000000   Number         0  heap_4.o ABSOLUTE
    init.s                                   0x00000000   Number         0  init.o ABSOLUTE
    list.c                                   0x00000000   Number         0  list.o ABSOLUTE
    main.c                                   0x00000000   Number         0  main.o ABSOLUTE
    port.c                                   0x00000000   Number         0  port.o ABSOLUTE
    queue.c                                  0x00000000   Number         0  queue.o ABSOLUTE
    startup_stm32f411xe.s                    0x00000000   Number         0  startup_stm32f411xe.o ABSOLUTE
    stm32f4xx_hal.c                          0x00000000   Number         0  stm32f4xx_hal.o ABSOLUTE
    stm32f4xx_hal_cortex.c                   0x00000000   Number         0  stm32f4xx_hal_cortex.o ABSOLUTE
    stm32f4xx_hal_dma.c                      0x00000000   Number         0  stm32f4xx_hal_dma.o ABSOLUTE
    stm32f4xx_hal_dma_ex.c                   0x00000000   Number         0  stm32f4xx_hal_dma_ex.o ABSOLUTE
    stm32f4xx_hal_exti.c                     0x00000000   Number         0  stm32f4xx_hal_exti.o ABSOLUTE
    stm32f4xx_hal_flash.c                    0x00000000   Number         0  stm32f4xx_hal_flash.o ABSOLUTE
    stm32f4xx_hal_flash_ex.c                 0x00000000   Number         0  stm32f4xx_hal_flash_ex.o ABSOLUTE
    stm32f4xx_hal_flash_ramfunc.c            0x00000000   Number         0  stm32f4xx_hal_flash_ramfunc.o ABSOLUTE
    stm32f4xx_hal_gpio.c                     0x00000000   Number         0  stm32f4xx_hal_gpio.o ABSOLUTE
    stm32f4xx_hal_msp.c                      0x00000000   Number         0  stm32f4xx_hal_msp.o ABSOLUTE
    stm32f4xx_hal_pwr.c                      0x00000000   Number         0  stm32f4xx_hal_pwr.o ABSOLUTE
    stm32f4xx_hal_pwr_ex.c                   0x00000000   Number         0  stm32f4xx_hal_pwr_ex.o ABSOLUTE
    stm32f4xx_hal_rcc.c                      0x00000000   Number         0  stm32f4xx_hal_rcc.o ABSOLUTE
    stm32f4xx_hal_rcc_ex.c                   0x00000000   Number         0  stm32f4xx_hal_rcc_ex.o ABSOLUTE
    stm32f4xx_hal_uart.c                     0x00000000   Number         0  stm32f4xx_hal_uart.o ABSOLUTE
    stm32f4xx_it.c                           0x00000000   Number         0  stm32f4xx_it.o ABSOLUTE
    stream_buffer.c                          0x00000000   Number         0  stream_buffer.o ABSOLUTE
    system_stm32f4xx.c                       0x00000000   Number         0  system_stm32f4xx.o ABSOLUTE
    tasks.c                                  0x00000000   Number         0  tasks.o ABSOLUTE
    timers.c                                 0x00000000   Number         0  timers.o ABSOLUTE
    RESET                                    0x08000000   Section      408  startup_stm32f411xe.o(RESET)
    .ARM.Collect$$$$00000000                 0x08000198   Section        0  entry.o(.ARM.Collect$$$$00000000)
    .ARM.Collect$$$$00000001                 0x08000198   Section        4  entry2.o(.ARM.Collect$$$$00000001)
    .ARM.Collect$$$$00000004                 0x0800019c   Section        4  entry5.o(.ARM.Collect$$$$00000004)
    .ARM.Collect$$$$00000008                 0x080001a0   Section        0  entry7b.o(.ARM.Collect$$$$00000008)
    .ARM.Collect$$$$0000000A                 0x080001a0   Section        0  entry8b.o(.ARM.Collect$$$$0000000A)
    .ARM.Collect$$$$0000000B                 0x080001a0   Section        8  entry9a.o(.ARM.Collect$$$$0000000B)
    __lit__00000000                          0x080001a8   Data           4  entry2.o(.ARM.Collect$$$$00002712)
    .ARM.Collect$$$$0000000D                 0x080001a8   Section        0  entry10a.o(.ARM.Collect$$$$0000000D)
    .ARM.Collect$$$$0000000F                 0x080001a8   Section        0  entry11a.o(.ARM.Collect$$$$0000000F)
    .ARM.Collect$$$$00002712                 0x080001a8   Section        4  entry2.o(.ARM.Collect$$$$00002712)
    $v0                                      0x080001ac   Number         0  startup_stm32f411xe.o(.text)
    .text                                    0x080001ac   Section       36  startup_stm32f411xe.o(.text)
    .text                                    0x080001d0   Section        0  uldiv.o(.text)
    .text                                    0x08000232   Section        0  memcpya.o(.text)
    .text                                    0x08000256   Section        0  memseta.o(.text)
    .text                                    0x0800027a   Section        0  llshl.o(.text)
    .text                                    0x08000298   Section        0  llushr.o(.text)
    .text                                    0x080002b8   Section       48  init.o(.text)
    AppCreateTask                            0x080002e9   Thumb Code    92  main.o(.text.AppCreateTask)
    [Anonymous Symbol]                       0x080002e8   Section        0  main.o(.text.AppCreateTask)
    [Anonymous Symbol]                       0x0800038c   Section        0  stm32f4xx_it.o(.text.BusFault_Handler)
    [Anonymous Symbol]                       0x08000390   Section        0  stm32f4xx_it.o(.text.DebugMon_Handler)
    [Anonymous Symbol]                       0x08000394   Section        0  stm32f4xx_hal_dma.o(.text.HAL_DMA_Abort)
    [Anonymous Symbol]                       0x08000424   Section        0  stm32f4xx_hal_dma.o(.text.HAL_DMA_Abort_IT)
    [Anonymous Symbol]                       0x08000448   Section        0  stm32f4xx_hal_gpio.o(.text.HAL_GPIO_Init)
    [Anonymous Symbol]                       0x080005e8   Section        0  stm32f4xx_hal_gpio.o(.text.HAL_GPIO_WritePin)
    [Anonymous Symbol]                       0x080005f4   Section        0  stm32f4xx_hal.o(.text.HAL_GetTick)
    [Anonymous Symbol]                       0x08000600   Section        0  stm32f4xx_hal.o(.text.HAL_IncTick)
    [Anonymous Symbol]                       0x0800061c   Section        0  stm32f4xx_hal.o(.text.HAL_Init)
    [Anonymous Symbol]                       0x08000654   Section        0  stm32f4xx_hal.o(.text.HAL_InitTick)
    [Anonymous Symbol]                       0x0800069c   Section        0  stm32f4xx_hal_msp.o(.text.HAL_MspInit)
    [Anonymous Symbol]                       0x080006e0   Section        0  stm32f4xx_hal_cortex.o(.text.HAL_NVIC_EnableIRQ)
    [Anonymous Symbol]                       0x08000704   Section        0  stm32f4xx_hal_cortex.o(.text.HAL_NVIC_SetPriority)
    [Anonymous Symbol]                       0x0800075c   Section        0  stm32f4xx_hal_cortex.o(.text.HAL_NVIC_SetPriorityGrouping)
    [Anonymous Symbol]                       0x0800077c   Section        0  stm32f4xx_hal_rcc.o(.text.HAL_RCC_ClockConfig)
    [Anonymous Symbol]                       0x080008e0   Section        0  stm32f4xx_hal_rcc.o(.text.HAL_RCC_GetPCLK1Freq)
    [Anonymous Symbol]                       0x08000908   Section        0  stm32f4xx_hal_rcc.o(.text.HAL_RCC_GetPCLK2Freq)
    [Anonymous Symbol]                       0x08000930   Section        0  stm32f4xx_hal_rcc.o(.text.HAL_RCC_GetSysClockFreq)
    [Anonymous Symbol]                       0x080009a0   Section        0  stm32f4xx_hal_rcc.o(.text.HAL_RCC_OscConfig)
    [Anonymous Symbol]                       0x08000d4c   Section        0  stm32f4xx_hal_cortex.o(.text.HAL_SYSTICK_Config)
    [Anonymous Symbol]                       0x08000d78   Section        0  stm32f4xx_hal_uart.o(.text.HAL_UARTEx_RxEventCallback)
    [Anonymous Symbol]                       0x08000d7c   Section        0  stm32f4xx_hal_uart.o(.text.HAL_UART_ErrorCallback)
    [Anonymous Symbol]                       0x08000d80   Section        0  stm32f4xx_hal_uart.o(.text.HAL_UART_IRQHandler)
    [Anonymous Symbol]                       0x08001314   Section        0  stm32f4xx_hal_uart.o(.text.HAL_UART_Init)
    [Anonymous Symbol]                       0x08001374   Section        0  stm32f4xx_hal_msp.o(.text.HAL_UART_MspInit)
    [Anonymous Symbol]                       0x080013f8   Section        0  stm32f4xx_hal_uart.o(.text.HAL_UART_RxCpltCallback)
    [Anonymous Symbol]                       0x080013fc   Section        0  stm32f4xx_hal_uart.o(.text.HAL_UART_Transmit)
    [Anonymous Symbol]                       0x08001590   Section        0  stm32f4xx_hal_uart.o(.text.HAL_UART_TxCpltCallback)
    [Anonymous Symbol]                       0x08001594   Section        0  stm32f4xx_it.o(.text.HardFault_Handler)
    LED1_Task                                0x08001599   Thumb Code    50  main.o(.text.LED1_Task)
    [Anonymous Symbol]                       0x08001598   Section        0  main.o(.text.LED1_Task)
    LED2_Task                                0x080015cd   Thumb Code    50  main.o(.text.LED2_Task)
    [Anonymous Symbol]                       0x080015cc   Section        0  main.o(.text.LED2_Task)
    [Anonymous Symbol]                       0x08001600   Section        0  stm32f4xx_it.o(.text.MemManage_Handler)
    [Anonymous Symbol]                       0x08001604   Section        0  stm32f4xx_it.o(.text.NMI_Handler)
    [Anonymous Symbol]                       0x08001610   Section        0  port.o(.text.PendSV_Handler)
    pxCurrentTCBConst                        0x08001670   Number         0  port.o(.text.PendSV_Handler)
    [Anonymous Symbol]                       0x08001680   Section        0  port.o(.text.SVC_Handler)
    pxCurrentTCBConst2                       0x080016a0   Number         0  port.o(.text.SVC_Handler)
    [Anonymous Symbol]                       0x080016a8   Section        0  main.o(.text.StartDefaultTask)
    [Anonymous Symbol]                       0x080016ac   Section        0  stm32f4xx_it.o(.text.SysTick_Handler)
    [Anonymous Symbol]                       0x080016c4   Section        0  main.o(.text.SystemClock_Config)
    [Anonymous Symbol]                       0x08001768   Section        0  system_stm32f4xx.o(.text.SystemInit)
    UART_DMAAbortOnError                     0x0800177d   Thumb Code    10  stm32f4xx_hal_uart.o(.text.UART_DMAAbortOnError)
    [Anonymous Symbol]                       0x0800177c   Section        0  stm32f4xx_hal_uart.o(.text.UART_DMAAbortOnError)
    UART_Receive_IT                          0x08001789   Thumb Code   254  stm32f4xx_hal_uart.o(.text.UART_Receive_IT)
    [Anonymous Symbol]                       0x08001788   Section        0  stm32f4xx_hal_uart.o(.text.UART_Receive_IT)
    UART_SetConfig                           0x08001889   Thumb Code   230  stm32f4xx_hal_uart.o(.text.UART_SetConfig)
    [Anonymous Symbol]                       0x08001888   Section        0  stm32f4xx_hal_uart.o(.text.UART_SetConfig)
    [Anonymous Symbol]                       0x08001970   Section        0  stm32f4xx_it.o(.text.USART2_IRQHandler)
    [Anonymous Symbol]                       0x0800197c   Section        0  stm32f4xx_it.o(.text.UsageFault_Handler)
    [Anonymous Symbol]                       0x08001980   Section        0  main.o(.text.fputc)
    [Anonymous Symbol]                       0x080019a4   Section        0  main.o(.text.main)
    [Anonymous Symbol]                       0x08001b20   Section        0  cmsis_os2.o(.text.osDelay)
    [Anonymous Symbol]                       0x08001b40   Section        0  cmsis_os2.o(.text.osKernelInitialize)
    [Anonymous Symbol]                       0x08001b68   Section        0  cmsis_os2.o(.text.osKernelStart)
    [Anonymous Symbol]                       0x08001ba4   Section        0  cmsis_os2.o(.text.osThreadNew)
    prvAddNewTaskToReadyList                 0x08001c39   Thumb Code   650  tasks.o(.text.prvAddNewTaskToReadyList)
    [Anonymous Symbol]                       0x08001c38   Section        0  tasks.o(.text.prvAddNewTaskToReadyList)
    prvIdleTask                              0x08001ec5   Thumb Code   134  tasks.o(.text.prvIdleTask)
    [Anonymous Symbol]                       0x08001ec4   Section        0  tasks.o(.text.prvIdleTask)
    prvInitialiseNewTask                     0x08001f4d   Thumb Code   260  tasks.o(.text.prvInitialiseNewTask)
    [Anonymous Symbol]                       0x08001f4c   Section        0  tasks.o(.text.prvInitialiseNewTask)
    prvTaskExitError                         0x08002051   Thumb Code    38  port.o(.text.prvTaskExitError)
    [Anonymous Symbol]                       0x08002050   Section        0  port.o(.text.prvTaskExitError)
    prvTimerTask                             0x08002079   Thumb Code   890  timers.o(.text.prvTimerTask)
    [Anonymous Symbol]                       0x08002078   Section        0  timers.o(.text.prvTimerTask)
    prvUnlockQueue                           0x080023f5   Thumb Code   116  queue.o(.text.prvUnlockQueue)
    [Anonymous Symbol]                       0x080023f4   Section        0  queue.o(.text.prvUnlockQueue)
    [Anonymous Symbol]                       0x08002468   Section        0  heap_4.o(.text.pvPortMalloc)
    [Anonymous Symbol]                       0x08002650   Section        0  port.o(.text.pxPortInitialiseStack)
    [Anonymous Symbol]                       0x08002674   Section        0  list.o(.text.uxListRemove)
    [Anonymous Symbol]                       0x08002698   Section        0  cmsis_os2.o(.text.vApplicationGetIdleTaskMemory)
    [Anonymous Symbol]                       0x080026b4   Section        0  cmsis_os2.o(.text.vApplicationGetTimerTaskMemory)
    [Anonymous Symbol]                       0x080026d0   Section        0  list.o(.text.vListInitialise)
    [Anonymous Symbol]                       0x080026e8   Section        0  list.o(.text.vListInitialiseItem)
    [Anonymous Symbol]                       0x080026f0   Section        0  list.o(.text.vListInsert)
    [Anonymous Symbol]                       0x08002754   Section        0  list.o(.text.vListInsertEnd)
    [Anonymous Symbol]                       0x08002770   Section        0  port.o(.text.vPortEnterCritical)
    [Anonymous Symbol]                       0x080027b8   Section        0  port.o(.text.vPortExitCritical)
    [Anonymous Symbol]                       0x080027e8   Section        0  heap_4.o(.text.vPortFree)
    [Anonymous Symbol]                       0x080028c8   Section        0  port.o(.text.vPortSetupTimerInterrupt)
    [Anonymous Symbol]                       0x080028fc   Section        0  queue.o(.text.vQueueAddToRegistry)
    [Anonymous Symbol]                       0x08002954   Section        0  queue.o(.text.vQueueWaitForMessageRestricted)
    [Anonymous Symbol]                       0x080029a8   Section        0  tasks.o(.text.vTaskDelay)
    [Anonymous Symbol]                       0x08002a28   Section        0  tasks.o(.text.vTaskDelete)
    [Anonymous Symbol]                       0x08002b0c   Section        0  tasks.o(.text.vTaskInternalSetTimeOutState)
    [Anonymous Symbol]                       0x08002b20   Section        0  tasks.o(.text.vTaskMissedYield)
    [Anonymous Symbol]                       0x08002b30   Section        0  tasks.o(.text.vTaskPlaceOnEventList)
    [Anonymous Symbol]                       0x08002ba4   Section        0  tasks.o(.text.vTaskPlaceOnEventListRestricted)
    [Anonymous Symbol]                       0x08002c20   Section        0  tasks.o(.text.vTaskStartScheduler)
    [Anonymous Symbol]                       0x08002d10   Section        0  tasks.o(.text.vTaskSuspendAll)
    [Anonymous Symbol]                       0x08002d20   Section        0  tasks.o(.text.vTaskSwitchContext)
    [Anonymous Symbol]                       0x08002dec   Section        0  port.o(.text.xPortStartScheduler)
    [Anonymous Symbol]                       0x08002f9c   Section        0  port.o(.text.xPortSysTickHandler)
    [Anonymous Symbol]                       0x08002fcc   Section        0  queue.o(.text.xQueueGenericCreateStatic)
    [Anonymous Symbol]                       0x080030a8   Section        0  queue.o(.text.xQueueGenericSend)
    [Anonymous Symbol]                       0x08003368   Section        0  queue.o(.text.xQueueReceive)
    [Anonymous Symbol]                       0x080035a8   Section        0  tasks.o(.text.xTaskCheckForTimeOut)
    [Anonymous Symbol]                       0x08003644   Section        0  tasks.o(.text.xTaskCreate)
    [Anonymous Symbol]                       0x080036a4   Section        0  tasks.o(.text.xTaskCreateStatic)
    [Anonymous Symbol]                       0x0800371c   Section        0  tasks.o(.text.xTaskGetSchedulerState)
    [Anonymous Symbol]                       0x0800373c   Section        0  tasks.o(.text.xTaskGetTickCount)
    [Anonymous Symbol]                       0x08003748   Section        0  tasks.o(.text.xTaskIncrementTick)
    [Anonymous Symbol]                       0x0800384c   Section        0  tasks.o(.text.xTaskPriorityDisinherit)
    [Anonymous Symbol]                       0x080038dc   Section        0  tasks.o(.text.xTaskRemoveFromEventList)
    [Anonymous Symbol]                       0x08003950   Section        0  tasks.o(.text.xTaskResumeAll)
    [Anonymous Symbol]                       0x08003a40   Section        0  timers.o(.text.xTimerCreateTimerTask)
    i.__scatterload_copy                     0x08003af4   Section       14  handlers.o(i.__scatterload_copy)
    i.__scatterload_null                     0x08003b02   Section        2  handlers.o(i.__scatterload_null)
    i.__scatterload_zeroinit                 0x08003b04   Section       14  handlers.o(i.__scatterload_zeroinit)
    i.puts                                   0x08003b14   Section        0  puts.o(i.puts)
    .Lstr                                    0x08003be0   Data          46  main.o(.rodata.str1.1)
    [Anonymous Symbol]                       0x08003be0   Section        0  main.o(.rodata.str1.1)
    .Lstr.10                                 0x08003c0e   Data          49  main.o(.rodata.str1.1)
    .L.str.1                                 0x08003c6b   Data           5  timers.o(.rodata.str1.1)
    [Anonymous Symbol]                       0x08003c6b   Section        0  timers.o(.rodata.str1.1)
    .data                                    0x20000000   Section        4  stdout.o(.data)
    .L_MergedGlobals                         0x20000004   Data           8  stm32f4xx_hal.o(.data..L_MergedGlobals)
    [Anonymous Symbol]                       0x20000004   Section        0  stm32f4xx_hal.o(.data..L_MergedGlobals)
    uxCriticalNesting                        0x20000010   Data           4  port.o(.data.uxCriticalNesting)
    [Anonymous Symbol]                       0x20000010   Section        0  port.o(.data.uxCriticalNesting)
    .L_MergedGlobals                         0x20000018   Data          88  main.o(.bss..L_MergedGlobals)
    [Anonymous Symbol]                       0x20000018   Section        0  main.o(.bss..L_MergedGlobals)
    .L_MergedGlobals                         0x20000070   Data         120  tasks.o(.bss..L_MergedGlobals)
    [Anonymous Symbol]                       0x20000070   Section        0  tasks.o(.bss..L_MergedGlobals)
    uxTaskNumber                             0x20000074   Data           4  tasks.o(.bss..L_MergedGlobals)
    uxDeletedTasksWaitingCleanUp             0x20000078   Data           4  tasks.o(.bss..L_MergedGlobals)
    uxCurrentNumberOfTasks                   0x2000007c   Data           4  tasks.o(.bss..L_MergedGlobals)
    xSchedulerRunning                        0x20000080   Data           4  tasks.o(.bss..L_MergedGlobals)
    uxSchedulerSuspended                     0x20000084   Data           4  tasks.o(.bss..L_MergedGlobals)
    xTickCount                               0x20000088   Data           4  tasks.o(.bss..L_MergedGlobals)
    pxDelayedTaskList                        0x2000008c   Data           4  tasks.o(.bss..L_MergedGlobals)
    pxOverflowDelayedTaskList                0x20000090   Data           4  tasks.o(.bss..L_MergedGlobals)
    uxTopReadyPriority                       0x20000094   Data           4  tasks.o(.bss..L_MergedGlobals)
    xIdleTaskHandle                          0x20000098   Data           4  tasks.o(.bss..L_MergedGlobals)
    xNextTaskUnblockTime                     0x2000009c   Data           4  tasks.o(.bss..L_MergedGlobals)
    xYieldPending                            0x200000a0   Data           4  tasks.o(.bss..L_MergedGlobals)
    xPendedTicks                             0x200000a4   Data           4  tasks.o(.bss..L_MergedGlobals)
    xNumOfOverflows                          0x200000a8   Data           4  tasks.o(.bss..L_MergedGlobals)
    xTasksWaitingTermination                 0x200000ac   Data          20  tasks.o(.bss..L_MergedGlobals)
    xSuspendedTaskList                       0x200000c0   Data          20  tasks.o(.bss..L_MergedGlobals)
    xPendingReadyList                        0x200000d4   Data          20  tasks.o(.bss..L_MergedGlobals)
    .L_MergedGlobals                         0x200000e8   Data          60  timers.o(.bss..L_MergedGlobals)
    xTimerQueue                              0x200000e8   Data           4  timers.o(.bss..L_MergedGlobals)
    [Anonymous Symbol]                       0x200000e8   Section        0  timers.o(.bss..L_MergedGlobals)
    xTimerTaskHandle                         0x200000ec   Data           4  timers.o(.bss..L_MergedGlobals)
    pxCurrentTimerList                       0x200000f0   Data           4  timers.o(.bss..L_MergedGlobals)
    pxOverflowTimerList                      0x200000f4   Data           4  timers.o(.bss..L_MergedGlobals)
    prvSampleTimeNow.xLastTime               0x200000f8   Data           4  timers.o(.bss..L_MergedGlobals)
    xActiveTimerList1                        0x200000fc   Data          20  timers.o(.bss..L_MergedGlobals)
    xActiveTimerList2                        0x20000110   Data          20  timers.o(.bss..L_MergedGlobals)
    .L_MergedGlobals                         0x20000124   Data          32  heap_4.o(.bss..L_MergedGlobals)
    xBlockAllocatedBit                       0x20000124   Data           1  heap_4.o(.bss..L_MergedGlobals)
    [Anonymous Symbol]                       0x20000124   Section        0  heap_4.o(.bss..L_MergedGlobals)
    pxEnd                                    0x20000128   Data           4  heap_4.o(.bss..L_MergedGlobals)
    xFreeBytesRemaining                      0x2000012c   Data           4  heap_4.o(.bss..L_MergedGlobals)
    xMinimumEverFreeBytesRemaining           0x20000130   Data           4  heap_4.o(.bss..L_MergedGlobals)
    xNumberOfSuccessfulAllocations           0x20000134   Data           4  heap_4.o(.bss..L_MergedGlobals)
    xNumberOfSuccessfulFrees                 0x20000138   Data           4  heap_4.o(.bss..L_MergedGlobals)
    xStart                                   0x2000013c   Data           8  heap_4.o(.bss..L_MergedGlobals)
    .L_MergedGlobals                         0x20000144   Data           8  port.o(.bss..L_MergedGlobals)
    ucMaxSysCallPriority                     0x20000144   Data           1  port.o(.bss..L_MergedGlobals)
    [Anonymous Symbol]                       0x20000144   Section        0  port.o(.bss..L_MergedGlobals)
    ulMaxPRIGROUPValue                       0x20000148   Data           4  port.o(.bss..L_MergedGlobals)
    .L_MergedGlobals.2                       0x2000014c   Data          40  tasks.o(.bss..L_MergedGlobals.2)
    xDelayedTaskList1                        0x2000014c   Data          20  tasks.o(.bss..L_MergedGlobals.2)
    [Anonymous Symbol]                       0x2000014c   Section        0  tasks.o(.bss..L_MergedGlobals.2)
    xDelayedTaskList2                        0x20000160   Data          20  tasks.o(.bss..L_MergedGlobals.2)
    KernelState                              0x20000174   Data           4  cmsis_os2.o(.bss.KernelState)
    [Anonymous Symbol]                       0x20000174   Section        0  cmsis_os2.o(.bss.KernelState)
    prvCheckForValidListAndQueue.ucStaticTimerQueueStorage 0x20000178   Data         160  timers.o(.bss.prvCheckForValidListAndQueue.ucStaticTimerQueueStorage)
    [Anonymous Symbol]                       0x20000178   Section        0  timers.o(.bss.prvCheckForValidListAndQueue.ucStaticTimerQueueStorage)
    prvCheckForValidListAndQueue.xStaticTimerQueue 0x20000218   Data          80  timers.o(.bss.prvCheckForValidListAndQueue.xStaticTimerQueue)
    [Anonymous Symbol]                       0x20000218   Section        0  timers.o(.bss.prvCheckForValidListAndQueue.xStaticTimerQueue)
    pxReadyTasksLists                        0x20000268   Data        1120  tasks.o(.bss.pxReadyTasksLists)
    [Anonymous Symbol]                       0x20000268   Section        0  tasks.o(.bss.pxReadyTasksLists)
    ucHeap                                   0x200006c8   Data       15360  heap_4.o(.bss.ucHeap)
    [Anonymous Symbol]                       0x200006c8   Section        0  heap_4.o(.bss.ucHeap)
    vApplicationGetIdleTaskMemory.Idle_Stack 0x200042cc   Data         512  cmsis_os2.o(.bss.vApplicationGetIdleTaskMemory.Idle_Stack)
    [Anonymous Symbol]                       0x200042cc   Section        0  cmsis_os2.o(.bss.vApplicationGetIdleTaskMemory.Idle_Stack)
    vApplicationGetIdleTaskMemory.Idle_TCB   0x200044cc   Data          92  cmsis_os2.o(.bss.vApplicationGetIdleTaskMemory.Idle_TCB)
    [Anonymous Symbol]                       0x200044cc   Section        0  cmsis_os2.o(.bss.vApplicationGetIdleTaskMemory.Idle_TCB)
    vApplicationGetTimerTaskMemory.Timer_Stack 0x20004528   Data        1024  cmsis_os2.o(.bss.vApplicationGetTimerTaskMemory.Timer_Stack)
    [Anonymous Symbol]                       0x20004528   Section        0  cmsis_os2.o(.bss.vApplicationGetTimerTaskMemory.Timer_Stack)
    vApplicationGetTimerTaskMemory.Timer_TCB 0x20004928   Data          92  cmsis_os2.o(.bss.vApplicationGetTimerTaskMemory.Timer_TCB)
    [Anonymous Symbol]                       0x20004928   Section        0  cmsis_os2.o(.bss.vApplicationGetTimerTaskMemory.Timer_TCB)
    STACK                                    0x200049c8   Section     1024  startup_stm32f411xe.o(STACK)

    Global Symbols

    Symbol Name                              Value     Ov Type        Size  Object(Section)

    BuildAttributes$$THM_ISAv4$E$P$D$K$B$S$7EM$VFPi3$EXTD16$VFPS$VFMA$PE$A:L22UL41UL21$X:L11$S22US41US21$IEEE1$IW$~IW$USESV6$~STKCKD$USESV7$~SHL$OTIME$EBA8$MICROLIB$REQ8$PRES8$EABIv2 0x00000000   Number         0  anon$$obj.o ABSOLUTE
    __cpp_initialize__aeabi_                  - Undefined Weak Reference
    __cxa_finalize                            - Undefined Weak Reference
    __decompress                              - Undefined Weak Reference
    _clock_init                               - Undefined Weak Reference
    _microlib_exit                            - Undefined Weak Reference
    __Vectors_Size                           0x00000198   Number         0  startup_stm32f411xe.o ABSOLUTE
    __Vectors                                0x08000000   Data           4  startup_stm32f411xe.o(RESET)
    __Vectors_End                            0x08000198   Data           0  startup_stm32f411xe.o(RESET)
    __main                                   0x08000199   Thumb Code     0  entry.o(.ARM.Collect$$$$00000000)
    _main_stk                                0x08000199   Thumb Code     0  entry2.o(.ARM.Collect$$$$00000001)
    _main_scatterload                        0x0800019d   Thumb Code     0  entry5.o(.ARM.Collect$$$$00000004)
    __main_after_scatterload                 0x080001a1   Thumb Code     0  entry5.o(.ARM.Collect$$$$00000004)
    _main_clock                              0x080001a1   Thumb Code     0  entry7b.o(.ARM.Collect$$$$00000008)
    _main_cpp_init                           0x080001a1   Thumb Code     0  entry8b.o(.ARM.Collect$$$$0000000A)
    _main_init                               0x080001a1   Thumb Code     0  entry9a.o(.ARM.Collect$$$$0000000B)
    __rt_final_cpp                           0x080001a9   Thumb Code     0  entry10a.o(.ARM.Collect$$$$0000000D)
    __rt_final_exit                          0x080001a9   Thumb Code     0  entry11a.o(.ARM.Collect$$$$0000000F)
    Reset_Handler                            0x080001ad   Thumb Code     8  startup_stm32f411xe.o(.text)
    ADC_IRQHandler                           0x080001c7   Thumb Code     0  startup_stm32f411xe.o(.text)
    DMA1_Stream0_IRQHandler                  0x080001c7   Thumb Code     0  startup_stm32f411xe.o(.text)
    DMA1_Stream1_IRQHandler                  0x080001c7   Thumb Code     0  startup_stm32f411xe.o(.text)
    DMA1_Stream2_IRQHandler                  0x080001c7   Thumb Code     0  startup_stm32f411xe.o(.text)
    DMA1_Stream3_IRQHandler                  0x080001c7   Thumb Code     0  startup_stm32f411xe.o(.text)
    DMA1_Stream4_IRQHandler                  0x080001c7   Thumb Code     0  startup_stm32f411xe.o(.text)
    DMA1_Stream5_IRQHandler                  0x080001c7   Thumb Code     0  startup_stm32f411xe.o(.text)
    DMA1_Stream6_IRQHandler                  0x080001c7   Thumb Code     0  startup_stm32f411xe.o(.text)
    DMA1_Stream7_IRQHandler                  0x080001c7   Thumb Code     0  startup_stm32f411xe.o(.text)
    DMA2_Stream0_IRQHandler                  0x080001c7   Thumb Code     0  startup_stm32f411xe.o(.text)
    DMA2_Stream1_IRQHandler                  0x080001c7   Thumb Code     0  startup_stm32f411xe.o(.text)
    DMA2_Stream2_IRQHandler                  0x080001c7   Thumb Code     0  startup_stm32f411xe.o(.text)
    DMA2_Stream3_IRQHandler                  0x080001c7   Thumb Code     0  startup_stm32f411xe.o(.text)
    DMA2_Stream4_IRQHandler                  0x080001c7   Thumb Code     0  startup_stm32f411xe.o(.text)
    DMA2_Stream5_IRQHandler                  0x080001c7   Thumb Code     0  startup_stm32f411xe.o(.text)
    DMA2_Stream6_IRQHandler                  0x080001c7   Thumb Code     0  startup_stm32f411xe.o(.text)
    DMA2_Stream7_IRQHandler                  0x080001c7   Thumb Code     0  startup_stm32f411xe.o(.text)
    EXTI0_IRQHandler                         0x080001c7   Thumb Code     0  startup_stm32f411xe.o(.text)
    EXTI15_10_IRQHandler                     0x080001c7   Thumb Code     0  startup_stm32f411xe.o(.text)
    EXTI1_IRQHandler                         0x080001c7   Thumb Code     0  startup_stm32f411xe.o(.text)
    EXTI2_IRQHandler                         0x080001c7   Thumb Code     0  startup_stm32f411xe.o(.text)
    EXTI3_IRQHandler                         0x080001c7   Thumb Code     0  startup_stm32f411xe.o(.text)
    EXTI4_IRQHandler                         0x080001c7   Thumb Code     0  startup_stm32f411xe.o(.text)
    EXTI9_5_IRQHandler                       0x080001c7   Thumb Code     0  startup_stm32f411xe.o(.text)
    FLASH_IRQHandler                         0x080001c7   Thumb Code     0  startup_stm32f411xe.o(.text)
    FPU_IRQHandler                           0x080001c7   Thumb Code     0  startup_stm32f411xe.o(.text)
    I2C1_ER_IRQHandler                       0x080001c7   Thumb Code     0  startup_stm32f411xe.o(.text)
    I2C1_EV_IRQHandler                       0x080001c7   Thumb Code     0  startup_stm32f411xe.o(.text)
    I2C2_ER_IRQHandler                       0x080001c7   Thumb Code     0  startup_stm32f411xe.o(.text)
    I2C2_EV_IRQHandler                       0x080001c7   Thumb Code     0  startup_stm32f411xe.o(.text)
    I2C3_ER_IRQHandler                       0x080001c7   Thumb Code     0  startup_stm32f411xe.o(.text)
    I2C3_EV_IRQHandler                       0x080001c7   Thumb Code     0  startup_stm32f411xe.o(.text)
    OTG_FS_IRQHandler                        0x080001c7   Thumb Code     0  startup_stm32f411xe.o(.text)
    OTG_FS_WKUP_IRQHandler                   0x080001c7   Thumb Code     0  startup_stm32f411xe.o(.text)
    PVD_IRQHandler                           0x080001c7   Thumb Code     0  startup_stm32f411xe.o(.text)
    RCC_IRQHandler                           0x080001c7   Thumb Code     0  startup_stm32f411xe.o(.text)
    RTC_Alarm_IRQHandler                     0x080001c7   Thumb Code     0  startup_stm32f411xe.o(.text)
    RTC_WKUP_IRQHandler                      0x080001c7   Thumb Code     0  startup_stm32f411xe.o(.text)
    SDIO_IRQHandler                          0x080001c7   Thumb Code     0  startup_stm32f411xe.o(.text)
    SPI1_IRQHandler                          0x080001c7   Thumb Code     0  startup_stm32f411xe.o(.text)
    SPI2_IRQHandler                          0x080001c7   Thumb Code     0  startup_stm32f411xe.o(.text)
    SPI3_IRQHandler                          0x080001c7   Thumb Code     0  startup_stm32f411xe.o(.text)
    SPI4_IRQHandler                          0x080001c7   Thumb Code     0  startup_stm32f411xe.o(.text)
    SPI5_IRQHandler                          0x080001c7   Thumb Code     0  startup_stm32f411xe.o(.text)
    TAMP_STAMP_IRQHandler                    0x080001c7   Thumb Code     0  startup_stm32f411xe.o(.text)
    TIM1_BRK_TIM9_IRQHandler                 0x080001c7   Thumb Code     0  startup_stm32f411xe.o(.text)
    TIM1_CC_IRQHandler                       0x080001c7   Thumb Code     0  startup_stm32f411xe.o(.text)
    TIM1_TRG_COM_TIM11_IRQHandler            0x080001c7   Thumb Code     0  startup_stm32f411xe.o(.text)
    TIM1_UP_TIM10_IRQHandler                 0x080001c7   Thumb Code     0  startup_stm32f411xe.o(.text)
    TIM2_IRQHandler                          0x080001c7   Thumb Code     0  startup_stm32f411xe.o(.text)
    TIM3_IRQHandler                          0x080001c7   Thumb Code     0  startup_stm32f411xe.o(.text)
    TIM4_IRQHandler                          0x080001c7   Thumb Code     0  startup_stm32f411xe.o(.text)
    TIM5_IRQHandler                          0x080001c7   Thumb Code     0  startup_stm32f411xe.o(.text)
    USART1_IRQHandler                        0x080001c7   Thumb Code     0  startup_stm32f411xe.o(.text)
    USART6_IRQHandler                        0x080001c7   Thumb Code     0  startup_stm32f411xe.o(.text)
    WWDG_IRQHandler                          0x080001c7   Thumb Code     0  startup_stm32f411xe.o(.text)
    __aeabi_uldivmod                         0x080001d1   Thumb Code    98  uldiv.o(.text)
    __aeabi_memcpy                           0x08000233   Thumb Code    36  memcpya.o(.text)
    __aeabi_memcpy4                          0x08000233   Thumb Code     0  memcpya.o(.text)
    __aeabi_memcpy8                          0x08000233   Thumb Code     0  memcpya.o(.text)
    __aeabi_memset                           0x08000257   Thumb Code    14  memseta.o(.text)
    __aeabi_memset4                          0x08000257   Thumb Code     0  memseta.o(.text)
    __aeabi_memset8                          0x08000257   Thumb Code     0  memseta.o(.text)
    __aeabi_memclr                           0x08000265   Thumb Code     4  memseta.o(.text)
    __aeabi_memclr4                          0x08000265   Thumb Code     0  memseta.o(.text)
    __aeabi_memclr8                          0x08000265   Thumb Code     0  memseta.o(.text)
    _memset$wrapper                          0x08000269   Thumb Code    18  memseta.o(.text)
    __aeabi_llsl                             0x0800027b   Thumb Code    30  llshl.o(.text)
    _ll_shift_l                              0x0800027b   Thumb Code     0  llshl.o(.text)
    __aeabi_llsr                             0x08000299   Thumb Code    32  llushr.o(.text)
    _ll_ushift_r                             0x08000299   Thumb Code     0  llushr.o(.text)
    __scatterload                            0x080002b9   Thumb Code    38  init.o(.text)
    __scatterload_rt2                        0x080002b9   Thumb Code     0  init.o(.text)
    BusFault_Handler                         0x0800038d   Thumb Code     2  stm32f4xx_it.o(.text.BusFault_Handler)
    DebugMon_Handler                         0x08000391   Thumb Code     2  stm32f4xx_it.o(.text.DebugMon_Handler)
    HAL_DMA_Abort                            0x08000395   Thumb Code   142  stm32f4xx_hal_dma.o(.text.HAL_DMA_Abort)
    HAL_DMA_Abort_IT                         0x08000425   Thumb Code    36  stm32f4xx_hal_dma.o(.text.HAL_DMA_Abort_IT)
    HAL_GPIO_Init                            0x08000449   Thumb Code   414  stm32f4xx_hal_gpio.o(.text.HAL_GPIO_Init)
    HAL_GPIO_WritePin                        0x080005e9   Thumb Code    10  stm32f4xx_hal_gpio.o(.text.HAL_GPIO_WritePin)
    HAL_GetTick                              0x080005f5   Thumb Code    12  stm32f4xx_hal.o(.text.HAL_GetTick)
    HAL_IncTick                              0x08000601   Thumb Code    26  stm32f4xx_hal.o(.text.HAL_IncTick)
    HAL_Init                                 0x0800061d   Thumb Code    54  stm32f4xx_hal.o(.text.HAL_Init)
    HAL_InitTick                             0x08000655   Thumb Code    72  stm32f4xx_hal.o(.text.HAL_InitTick)
    HAL_MspInit                              0x0800069d   Thumb Code    66  stm32f4xx_hal_msp.o(.text.HAL_MspInit)
    HAL_NVIC_EnableIRQ                       0x080006e1   Thumb Code    34  stm32f4xx_hal_cortex.o(.text.HAL_NVIC_EnableIRQ)
    HAL_NVIC_SetPriority                     0x08000705   Thumb Code    86  stm32f4xx_hal_cortex.o(.text.HAL_NVIC_SetPriority)
    HAL_NVIC_SetPriorityGrouping             0x0800075d   Thumb Code    32  stm32f4xx_hal_cortex.o(.text.HAL_NVIC_SetPriorityGrouping)
    HAL_RCC_ClockConfig                      0x0800077d   Thumb Code   356  stm32f4xx_hal_rcc.o(.text.HAL_RCC_ClockConfig)
    HAL_RCC_GetPCLK1Freq                     0x080008e1   Thumb Code    38  stm32f4xx_hal_rcc.o(.text.HAL_RCC_GetPCLK1Freq)
    HAL_RCC_GetPCLK2Freq                     0x08000909   Thumb Code    38  stm32f4xx_hal_rcc.o(.text.HAL_RCC_GetPCLK2Freq)
    HAL_RCC_GetSysClockFreq                  0x08000931   Thumb Code   112  stm32f4xx_hal_rcc.o(.text.HAL_RCC_GetSysClockFreq)
    HAL_RCC_OscConfig                        0x080009a1   Thumb Code   940  stm32f4xx_hal_rcc.o(.text.HAL_RCC_OscConfig)
    HAL_SYSTICK_Config                       0x08000d4d   Thumb Code    44  stm32f4xx_hal_cortex.o(.text.HAL_SYSTICK_Config)
    HAL_UARTEx_RxEventCallback               0x08000d79   Thumb Code     2  stm32f4xx_hal_uart.o(.text.HAL_UARTEx_RxEventCallback)
    HAL_UART_ErrorCallback                   0x08000d7d   Thumb Code     2  stm32f4xx_hal_uart.o(.text.HAL_UART_ErrorCallback)
    HAL_UART_IRQHandler                      0x08000d81   Thumb Code  1428  stm32f4xx_hal_uart.o(.text.HAL_UART_IRQHandler)
    HAL_UART_Init                            0x08001315   Thumb Code    96  stm32f4xx_hal_uart.o(.text.HAL_UART_Init)
    HAL_UART_MspInit                         0x08001375   Thumb Code   132  stm32f4xx_hal_msp.o(.text.HAL_UART_MspInit)
    HAL_UART_RxCpltCallback                  0x080013f9   Thumb Code     2  stm32f4xx_hal_uart.o(.text.HAL_UART_RxCpltCallback)
    HAL_UART_Transmit                        0x080013fd   Thumb Code   402  stm32f4xx_hal_uart.o(.text.HAL_UART_Transmit)
    HAL_UART_TxCpltCallback                  0x08001591   Thumb Code     2  stm32f4xx_hal_uart.o(.text.HAL_UART_TxCpltCallback)
    HardFault_Handler                        0x08001595   Thumb Code     2  stm32f4xx_it.o(.text.HardFault_Handler)
    MemManage_Handler                        0x08001601   Thumb Code     2  stm32f4xx_it.o(.text.MemManage_Handler)
    NMI_Handler                              0x08001605   Thumb Code     2  stm32f4xx_it.o(.text.NMI_Handler)
    PendSV_Handler                           0x08001611   Thumb Code   102  port.o(.text.PendSV_Handler)
    SVC_Handler                              0x08001681   Thumb Code    38  port.o(.text.SVC_Handler)
    StartDefaultTask                         0x080016a9   Thumb Code     2  main.o(.text.StartDefaultTask)
    SysTick_Handler                          0x080016ad   Thumb Code    24  stm32f4xx_it.o(.text.SysTick_Handler)
    SystemClock_Config                       0x080016c5   Thumb Code   164  main.o(.text.SystemClock_Config)
    SystemInit                               0x08001769   Thumb Code    18  system_stm32f4xx.o(.text.SystemInit)
    USART2_IRQHandler                        0x08001971   Thumb Code    12  stm32f4xx_it.o(.text.USART2_IRQHandler)
    UsageFault_Handler                       0x0800197d   Thumb Code     2  stm32f4xx_it.o(.text.UsageFault_Handler)
    fputc                                    0x08001981   Thumb Code    34  main.o(.text.fputc)
    main                                     0x080019a5   Thumb Code   284  main.o(.text.main)
    osDelay                                  0x08001b21   Thumb Code    32  cmsis_os2.o(.text.osDelay)
    osKernelInitialize                       0x08001b41   Thumb Code    40  cmsis_os2.o(.text.osKernelInitialize)
    osKernelStart                            0x08001b69   Thumb Code    60  cmsis_os2.o(.text.osKernelStart)
    osThreadNew                              0x08001ba5   Thumb Code   148  cmsis_os2.o(.text.osThreadNew)
    pvPortMalloc                             0x08002469   Thumb Code   488  heap_4.o(.text.pvPortMalloc)
    pxPortInitialiseStack                    0x08002651   Thumb Code    36  port.o(.text.pxPortInitialiseStack)
    uxListRemove                             0x08002675   Thumb Code    34  list.o(.text.uxListRemove)
    vApplicationGetIdleTaskMemory            0x08002699   Thumb Code    26  cmsis_os2.o(.text.vApplicationGetIdleTaskMemory)
    vApplicationGetTimerTaskMemory           0x080026b5   Thumb Code    28  cmsis_os2.o(.text.vApplicationGetTimerTaskMemory)
    vListInitialise                          0x080026d1   Thumb Code    22  list.o(.text.vListInitialise)
    vListInitialiseItem                      0x080026e9   Thumb Code     6  list.o(.text.vListInitialiseItem)
    vListInsert                              0x080026f1   Thumb Code    98  list.o(.text.vListInsert)
    vListInsertEnd                           0x08002755   Thumb Code    26  list.o(.text.vListInsertEnd)
    vPortEnterCritical                       0x08002771   Thumb Code    70  port.o(.text.vPortEnterCritical)
    vPortExitCritical                        0x080027b9   Thumb Code    46  port.o(.text.vPortExitCritical)
    vPortFree                                0x080027e9   Thumb Code   222  heap_4.o(.text.vPortFree)
    vPortSetupTimerInterrupt                 0x080028c9   Thumb Code    52  port.o(.text.vPortSetupTimerInterrupt)
    vQueueAddToRegistry                      0x080028fd   Thumb Code    88  queue.o(.text.vQueueAddToRegistry)
    vQueueWaitForMessageRestricted           0x08002955   Thumb Code    82  queue.o(.text.vQueueWaitForMessageRestricted)
    vTaskDelay                               0x080029a9   Thumb Code   128  tasks.o(.text.vTaskDelay)
    vTaskDelete                              0x08002a29   Thumb Code   226  tasks.o(.text.vTaskDelete)
    vTaskInternalSetTimeOutState             0x08002b0d   Thumb Code    18  tasks.o(.text.vTaskInternalSetTimeOutState)
    vTaskMissedYield                         0x08002b21   Thumb Code    14  tasks.o(.text.vTaskMissedYield)
    vTaskPlaceOnEventList                    0x08002b31   Thumb Code   116  tasks.o(.text.vTaskPlaceOnEventList)
    vTaskPlaceOnEventListRestricted          0x08002ba5   Thumb Code   122  tasks.o(.text.vTaskPlaceOnEventListRestricted)
    vTaskStartScheduler                      0x08002c21   Thumb Code   232  tasks.o(.text.vTaskStartScheduler)
    vTaskSuspendAll                          0x08002d11   Thumb Code    16  tasks.o(.text.vTaskSuspendAll)
    vTaskSwitchContext                       0x08002d21   Thumb Code   204  tasks.o(.text.vTaskSwitchContext)
    xPortStartScheduler                      0x08002ded   Thumb Code   422  port.o(.text.xPortStartScheduler)
    xPortSysTickHandler                      0x08002f9d   Thumb Code    48  port.o(.text.xPortSysTickHandler)
    xQueueGenericCreateStatic                0x08002fcd   Thumb Code   218  queue.o(.text.xQueueGenericCreateStatic)
    xQueueGenericSend                        0x080030a9   Thumb Code   704  queue.o(.text.xQueueGenericSend)
    xQueueReceive                            0x08003369   Thumb Code   574  queue.o(.text.xQueueReceive)
    xTaskCheckForTimeOut                     0x080035a9   Thumb Code   154  tasks.o(.text.xTaskCheckForTimeOut)
    xTaskCreate                              0x08003645   Thumb Code    96  tasks.o(.text.xTaskCreate)
    xTaskCreateStatic                        0x080036a5   Thumb Code   118  tasks.o(.text.xTaskCreateStatic)
    xTaskGetSchedulerState                   0x0800371d   Thumb Code    30  tasks.o(.text.xTaskGetSchedulerState)
    xTaskGetTickCount                        0x0800373d   Thumb Code    12  tasks.o(.text.xTaskGetTickCount)
    xTaskIncrementTick                       0x08003749   Thumb Code   260  tasks.o(.text.xTaskIncrementTick)
    xTaskPriorityDisinherit                  0x0800384d   Thumb Code   142  tasks.o(.text.xTaskPriorityDisinherit)
    xTaskRemoveFromEventList                 0x080038dd   Thumb Code   114  tasks.o(.text.xTaskRemoveFromEventList)
    xTaskResumeAll                           0x08003951   Thumb Code   238  tasks.o(.text.xTaskResumeAll)
    xTimerCreateTimerTask                    0x08003a41   Thumb Code   172  timers.o(.text.xTimerCreateTimerTask)
    __scatterload_copy                       0x08003af5   Thumb Code    14  handlers.o(i.__scatterload_copy)
    __scatterload_null                       0x08003b03   Thumb Code     2  handlers.o(i.__scatterload_null)
    __scatterload_zeroinit                   0x08003b05   Thumb Code    14  handlers.o(i.__scatterload_zeroinit)
    puts                                     0x08003b15   Thumb Code    30  puts.o(i.puts)
    AHBPrescTable                            0x08003b38   Data          16  system_stm32f4xx.o(.rodata.AHBPrescTable)
    APBPrescTable                            0x08003b48   Data           8  system_stm32f4xx.o(.rodata.APBPrescTable)
    appTaskCreate_attributes                 0x08003b50   Data          36  main.o(.rodata.appTaskCreate_attributes)
    defaultTask_attributes                   0x08003b74   Data          36  main.o(.rodata.defaultTask_attributes)
    led1Task_attributes                      0x08003b98   Data          36  main.o(.rodata.led1Task_attributes)
    led2Task_attributes                      0x08003bbc   Data          36  main.o(.rodata.led2Task_attributes)
    Region$$Table$$Base                      0x08003c70   Number         0  anon$$obj.o(Region$$Table)
    Region$$Table$$Limit                     0x08003c90   Number         0  anon$$obj.o(Region$$Table)
    __stdout                                 0x20000000   Data           4  stdout.o(.data)
    uwTickFreq                               0x20000004   Data           1  stm32f4xx_hal.o(.data..L_MergedGlobals)
    uwTickPrio                               0x20000008   Data           4  stm32f4xx_hal.o(.data..L_MergedGlobals)
    SystemCoreClock                          0x2000000c   Data           4  system_stm32f4xx.o(.data.SystemCoreClock)
    defaultTaskHandle                        0x20000018   Data           4  main.o(.bss..L_MergedGlobals)
    appTaskCreateHandle                      0x2000001c   Data           4  main.o(.bss..L_MergedGlobals)
    led1TaskHandle                           0x20000020   Data           4  main.o(.bss..L_MergedGlobals)
    led2TaskHandle                           0x20000024   Data           4  main.o(.bss..L_MergedGlobals)
    huart2                                   0x20000028   Data          72  main.o(.bss..L_MergedGlobals)
    pxCurrentTCB                             0x20000070   Data           4  tasks.o(.bss..L_MergedGlobals)
    uwTick                                   0x200042c8   Data           4  stm32f4xx_hal.o(.bss.uwTick)
    xQueueRegistry                           0x20004984   Data          64  queue.o(.bss.xQueueRegistry)
    __initial_sp                             0x20004dc8   Data           0  startup_stm32f411xe.o(STACK)



==============================================================================

Memory Map of the image

  Image Entry point : 0x08000199

  Load Region LR_IROM1 (Base: 0x08000000, Size: 0x00003ca8, Max: 0x00080000, ABSOLUTE)

    Execution Region ER_IROM1 (Exec base: 0x08000000, Load base: 0x08000000, Size: 0x00003c90, Max: 0x00080000, ABSOLUTE)

    Exec Addr    Load Addr    Size         Type   Attr      Idx    E Section Name        Object

    0x08000000   0x08000000   0x00000198   Data   RO            3    RESET               startup_stm32f411xe.o
    0x08000198   0x08000198   0x00000000   Code   RO         1197  * .ARM.Collect$$$$00000000  mc_w.l(entry.o)
    0x08000198   0x08000198   0x00000004   Code   RO         1212    .ARM.Collect$$$$00000001  mc_w.l(entry2.o)
    0x0800019c   0x0800019c   0x00000004   Code   RO         1215    .ARM.Collect$$$$00000004  mc_w.l(entry5.o)
    0x080001a0   0x080001a0   0x00000000   Code   RO         1217    .ARM.Collect$$$$00000008  mc_w.l(entry7b.o)
    0x080001a0   0x080001a0   0x00000000   Code   RO         1219    .ARM.Collect$$$$0000000A  mc_w.l(entry8b.o)
    0x080001a0   0x080001a0   0x00000008   Code   RO         1220    .ARM.Collect$$$$0000000B  mc_w.l(entry9a.o)
    0x080001a8   0x080001a8   0x00000000   Code   RO         1222    .ARM.Collect$$$$0000000D  mc_w.l(entry10a.o)
    0x080001a8   0x080001a8   0x00000000   Code   RO         1224    .ARM.Collect$$$$0000000F  mc_w.l(entry11a.o)
    0x080001a8   0x080001a8   0x00000004   Code   RO         1213    .ARM.Collect$$$$00002712  mc_w.l(entry2.o)
    0x080001ac   0x080001ac   0x00000024   Code   RO            4    .text               startup_stm32f411xe.o
    0x080001d0   0x080001d0   0x00000062   Code   RO         1204    .text               mc_w.l(uldiv.o)
    0x08000232   0x08000232   0x00000024   Code   RO         1206    .text               mc_w.l(memcpya.o)
    0x08000256   0x08000256   0x00000024   Code   RO         1208    .text               mc_w.l(memseta.o)
    0x0800027a   0x0800027a   0x0000001e   Code   RO         1227    .text               mc_w.l(llshl.o)
    0x08000298   0x08000298   0x00000020   Code   RO         1229    .text               mc_w.l(llushr.o)
    0x080002b8   0x080002b8   0x00000030   Code   RO         1231    .text               mc_w.l(init.o)
    0x080002e8   0x080002e8   0x000000a4   Code   RO           17    .text.AppCreateTask  main.o
    0x0800038c   0x0800038c   0x00000002   Code   RO           49    .text.BusFault_Handler  stm32f4xx_it.o
    0x0800038e   0x0800038e   0x00000002   PAD
    0x08000390   0x08000390   0x00000002   Code   RO           53    .text.DebugMon_Handler  stm32f4xx_it.o
    0x08000392   0x08000392   0x00000002   PAD
    0x08000394   0x08000394   0x0000008e   Code   RO          260    .text.HAL_DMA_Abort  stm32f4xx_hal_dma.o
    0x08000422   0x08000422   0x00000002   PAD
    0x08000424   0x08000424   0x00000024   Code   RO          262    .text.HAL_DMA_Abort_IT  stm32f4xx_hal_dma.o
    0x08000448   0x08000448   0x0000019e   Code   RO          214    .text.HAL_GPIO_Init  stm32f4xx_hal_gpio.o
    0x080005e6   0x080005e6   0x00000002   PAD
    0x080005e8   0x080005e8   0x0000000a   Code   RO          220    .text.HAL_GPIO_WritePin  stm32f4xx_hal_gpio.o
    0x080005f2   0x080005f2   0x00000002   PAD
    0x080005f4   0x080005f4   0x0000000c   Code   RO          419    .text.HAL_GetTick   stm32f4xx_hal.o
    0x08000600   0x08000600   0x0000001a   Code   RO          417    .text.HAL_IncTick   stm32f4xx_hal.o
    0x0800061a   0x0800061a   0x00000002   PAD
    0x0800061c   0x0800061c   0x00000036   Code   RO          407    .text.HAL_Init      stm32f4xx_hal.o
    0x08000652   0x08000652   0x00000002   PAD
    0x08000654   0x08000654   0x00000048   Code   RO          409    .text.HAL_InitTick  stm32f4xx_hal.o
    0x0800069c   0x0800069c   0x00000042   Code   RO           66    .text.HAL_MspInit   stm32f4xx_hal_msp.o
    0x080006de   0x080006de   0x00000002   PAD
    0x080006e0   0x080006e0   0x00000022   Code   RO          359    .text.HAL_NVIC_EnableIRQ  stm32f4xx_hal_cortex.o
    0x08000702   0x08000702   0x00000002   PAD
    0x08000704   0x08000704   0x00000056   Code   RO          357    .text.HAL_NVIC_SetPriority  stm32f4xx_hal_cortex.o
    0x0800075a   0x0800075a   0x00000002   PAD
    0x0800075c   0x0800075c   0x00000020   Code   RO          355    .text.HAL_NVIC_SetPriorityGrouping  stm32f4xx_hal_cortex.o
    0x0800077c   0x0800077c   0x00000164   Code   RO           84    .text.HAL_RCC_ClockConfig  stm32f4xx_hal_rcc.o
    0x080008e0   0x080008e0   0x00000026   Code   RO           96    .text.HAL_RCC_GetPCLK1Freq  stm32f4xx_hal_rcc.o
    0x08000906   0x08000906   0x00000002   PAD
    0x08000908   0x08000908   0x00000026   Code   RO           98    .text.HAL_RCC_GetPCLK2Freq  stm32f4xx_hal_rcc.o
    0x0800092e   0x0800092e   0x00000002   PAD
    0x08000930   0x08000930   0x00000070   Code   RO           86    .text.HAL_RCC_GetSysClockFreq  stm32f4xx_hal_rcc.o
    0x080009a0   0x080009a0   0x000003ac   Code   RO           82    .text.HAL_RCC_OscConfig  stm32f4xx_hal_rcc.o
    0x08000d4c   0x08000d4c   0x0000002c   Code   RO          367    .text.HAL_SYSTICK_Config  stm32f4xx_hal_cortex.o
    0x08000d78   0x08000d78   0x00000002   Code   RO          583    .text.HAL_UARTEx_RxEventCallback  stm32f4xx_hal_uart.o
    0x08000d7a   0x08000d7a   0x00000002   PAD
    0x08000d7c   0x08000d7c   0x00000002   Code   RO          581    .text.HAL_UART_ErrorCallback  stm32f4xx_hal_uart.o
    0x08000d7e   0x08000d7e   0x00000002   PAD
    0x08000d80   0x08000d80   0x00000594   Code   RO          575    .text.HAL_UART_IRQHandler  stm32f4xx_hal_uart.o
    0x08001314   0x08001314   0x00000060   Code   RO          497    .text.HAL_UART_Init  stm32f4xx_hal_uart.o
    0x08001374   0x08001374   0x00000084   Code   RO           68    .text.HAL_UART_MspInit  stm32f4xx_hal_msp.o
    0x080013f8   0x080013f8   0x00000002   Code   RO          589    .text.HAL_UART_RxCpltCallback  stm32f4xx_hal_uart.o
    0x080013fa   0x080013fa   0x00000002   PAD
    0x080013fc   0x080013fc   0x00000192   Code   RO          513    .text.HAL_UART_Transmit  stm32f4xx_hal_uart.o
    0x0800158e   0x0800158e   0x00000002   PAD
    0x08001590   0x08001590   0x00000002   Code   RO          585    .text.HAL_UART_TxCpltCallback  stm32f4xx_hal_uart.o
    0x08001592   0x08001592   0x00000002   PAD
    0x08001594   0x08001594   0x00000002   Code   RO           45    .text.HardFault_Handler  stm32f4xx_it.o
    0x08001596   0x08001596   0x00000002   PAD
    0x08001598   0x08001598   0x00000032   Code   RO           23    .text.LED1_Task     main.o
    0x080015ca   0x080015ca   0x00000002   PAD
    0x080015cc   0x080015cc   0x00000032   Code   RO           25    .text.LED2_Task     main.o
    0x080015fe   0x080015fe   0x00000002   PAD
    0x08001600   0x08001600   0x00000002   Code   RO           47    .text.MemManage_Handler  stm32f4xx_it.o
    0x08001602   0x08001602   0x00000002   PAD
    0x08001604   0x08001604   0x00000002   Code   RO           43    .text.NMI_Handler   stm32f4xx_it.o
    0x08001606   0x08001606   0x0000000a   PAD
    0x08001610   0x08001610   0x00000066   Code   RO         1180    .text.PendSV_Handler  port.o
    0x08001676   0x08001676   0x0000000a   PAD
    0x08001680   0x08001680   0x00000026   Code   RO         1168    .text.SVC_Handler   port.o
    0x080016a6   0x080016a6   0x00000002   PAD
    0x080016a8   0x080016a8   0x00000002   Code   RO           15    .text.StartDefaultTask  main.o
    0x080016aa   0x080016aa   0x00000002   PAD
    0x080016ac   0x080016ac   0x00000018   Code   RO           55    .text.SysTick_Handler  stm32f4xx_it.o
    0x080016c4   0x080016c4   0x000000a4   Code   RO           13    .text.SystemClock_Config  main.o
    0x08001768   0x08001768   0x00000012   Code   RO          619    .text.SystemInit    system_stm32f4xx.o
    0x0800177a   0x0800177a   0x00000002   PAD
    0x0800177c   0x0800177c   0x0000000a   Code   RO          579    .text.UART_DMAAbortOnError  stm32f4xx_hal_uart.o
    0x08001786   0x08001786   0x00000002   PAD
    0x08001788   0x08001788   0x000000fe   Code   RO          577    .text.UART_Receive_IT  stm32f4xx_hal_uart.o
    0x08001886   0x08001886   0x00000002   PAD
    0x08001888   0x08001888   0x000000e6   Code   RO          501    .text.UART_SetConfig  stm32f4xx_hal_uart.o
    0x0800196e   0x0800196e   0x00000002   PAD
    0x08001970   0x08001970   0x0000000c   Code   RO           57    .text.USART2_IRQHandler  stm32f4xx_it.o
    0x0800197c   0x0800197c   0x00000002   Code   RO           51    .text.UsageFault_Handler  stm32f4xx_it.o
    0x0800197e   0x0800197e   0x00000002   PAD
    0x08001980   0x08001980   0x00000022   Code   RO           21    .text.fputc         main.o
    0x080019a2   0x080019a2   0x00000002   PAD
    0x080019a4   0x080019a4   0x0000017c   Code   RO           11    .text.main          main.o
    0x08001b20   0x08001b20   0x00000020   Code   RO         1039    .text.osDelay       cmsis_os2.o
    0x08001b40   0x08001b40   0x00000028   Code   RO          981    .text.osKernelInitialize  cmsis_os2.o
    0x08001b68   0x08001b68   0x0000003c   Code   RO          987    .text.osKernelStart  cmsis_os2.o
    0x08001ba4   0x08001ba4   0x00000094   Code   RO         1003    .text.osThreadNew   cmsis_os2.o
    0x08001c38   0x08001c38   0x0000028a   Code   RO          816    .text.prvAddNewTaskToReadyList  tasks.o
    0x08001ec2   0x08001ec2   0x00000002   PAD
    0x08001ec4   0x08001ec4   0x00000086   Code   RO          848    .text.prvIdleTask   tasks.o
    0x08001f4a   0x08001f4a   0x00000002   PAD
    0x08001f4c   0x08001f4c   0x00000104   Code   RO          814    .text.prvInitialiseNewTask  tasks.o
    0x08002050   0x08002050   0x00000026   Code   RO         1166    .text.prvTaskExitError  port.o
    0x08002076   0x08002076   0x00000002   PAD
    0x08002078   0x08002078   0x0000037a   Code   RO          933    .text.prvTimerTask  timers.o
    0x080023f2   0x080023f2   0x00000002   PAD
    0x080023f4   0x080023f4   0x00000074   Code   RO          715    .text.prvUnlockQueue  queue.o
    0x08002468   0x08002468   0x000001e8   Code   RO         1142    .text.pvPortMalloc  heap_4.o
    0x08002650   0x08002650   0x00000024   Code   RO         1164    .text.pxPortInitialiseStack  port.o
    0x08002674   0x08002674   0x00000022   Code   RO          679    .text.uxListRemove  list.o
    0x08002696   0x08002696   0x00000002   PAD
    0x08002698   0x08002698   0x0000001a   Code   RO         1125    .text.vApplicationGetIdleTaskMemory  cmsis_os2.o
    0x080026b2   0x080026b2   0x00000002   PAD
    0x080026b4   0x080026b4   0x0000001c   Code   RO         1127    .text.vApplicationGetTimerTaskMemory  cmsis_os2.o
    0x080026d0   0x080026d0   0x00000016   Code   RO          671    .text.vListInitialise  list.o
    0x080026e6   0x080026e6   0x00000002   PAD
    0x080026e8   0x080026e8   0x00000006   Code   RO          673    .text.vListInitialiseItem  list.o
    0x080026ee   0x080026ee   0x00000002   PAD
    0x080026f0   0x080026f0   0x00000062   Code   RO          677    .text.vListInsert   list.o
    0x08002752   0x08002752   0x00000002   PAD
    0x08002754   0x08002754   0x0000001a   Code   RO          675    .text.vListInsertEnd  list.o
    0x0800276e   0x0800276e   0x00000002   PAD
    0x08002770   0x08002770   0x00000046   Code   RO         1176    .text.vPortEnterCritical  port.o
    0x080027b6   0x080027b6   0x00000002   PAD
    0x080027b8   0x080027b8   0x0000002e   Code   RO         1178    .text.vPortExitCritical  port.o
    0x080027e6   0x080027e6   0x00000002   PAD
    0x080027e8   0x080027e8   0x000000de   Code   RO         1144    .text.vPortFree     heap_4.o
    0x080028c6   0x080028c6   0x00000002   PAD
    0x080028c8   0x080028c8   0x00000034   Code   RO         1172    .text.vPortSetupTimerInterrupt  port.o
    0x080028fc   0x080028fc   0x00000058   Code   RO          749    .text.vQueueAddToRegistry  queue.o
    0x08002954   0x08002954   0x00000052   Code   RO          753    .text.vQueueWaitForMessageRestricted  queue.o
    0x080029a6   0x080029a6   0x00000002   PAD
    0x080029a8   0x080029a8   0x00000080   Code   RO          828    .text.vTaskDelay    tasks.o
    0x08002a28   0x08002a28   0x000000e2   Code   RO          820    .text.vTaskDelete   tasks.o
    0x08002b0a   0x08002b0a   0x00000002   PAD
    0x08002b0c   0x08002b0c   0x00000012   Code   RO          878    .text.vTaskInternalSetTimeOutState  tasks.o
    0x08002b1e   0x08002b1e   0x00000002   PAD
    0x08002b20   0x08002b20   0x0000000e   Code   RO          882    .text.vTaskMissedYield  tasks.o
    0x08002b2e   0x08002b2e   0x00000002   PAD
    0x08002b30   0x08002b30   0x00000074   Code   RO          866    .text.vTaskPlaceOnEventList  tasks.o
    0x08002ba4   0x08002ba4   0x0000007a   Code   RO          870    .text.vTaskPlaceOnEventListRestricted  tasks.o
    0x08002c1e   0x08002c1e   0x00000002   PAD
    0x08002c20   0x08002c20   0x000000f0   Code   RO          846    .text.vTaskStartScheduler  tasks.o
    0x08002d10   0x08002d10   0x00000010   Code   RO          824    .text.vTaskSuspendAll  tasks.o
    0x08002d20   0x08002d20   0x000000cc   Code   RO          840    .text.vTaskSwitchContext  tasks.o
    0x08002dec   0x08002dec   0x000001b0   Code   RO         1170    .text.xPortStartScheduler  port.o
    0x08002f9c   0x08002f9c   0x00000030   Code   RO         1182    .text.xPortSysTickHandler  port.o
    0x08002fcc   0x08002fcc   0x000000da   Code   RO          691    .text.xQueueGenericCreateStatic  queue.o
    0x080030a6   0x080030a6   0x00000002   PAD
    0x080030a8   0x080030a8   0x000002c0   Code   RO          705    .text.xQueueGenericSend  queue.o
    0x08003368   0x08003368   0x0000023e   Code   RO          721    .text.xQueueReceive  queue.o
    0x080035a6   0x080035a6   0x00000002   PAD
    0x080035a8   0x080035a8   0x0000009a   Code   RO          880    .text.xTaskCheckForTimeOut  tasks.o
    0x08003642   0x08003642   0x00000002   PAD
    0x08003644   0x08003644   0x00000060   Code   RO          818    .text.xTaskCreate   tasks.o
    0x080036a4   0x080036a4   0x00000076   Code   RO          812    .text.xTaskCreateStatic  tasks.o
    0x0800371a   0x0800371a   0x00000002   PAD
    0x0800371c   0x0800371c   0x0000001e   Code   RO          894    .text.xTaskGetSchedulerState  tasks.o
    0x0800373a   0x0800373a   0x00000002   PAD
    0x0800373c   0x0800373c   0x0000000c   Code   RO          854    .text.xTaskGetTickCount  tasks.o
    0x08003748   0x08003748   0x00000104   Code   RO          852    .text.xTaskIncrementTick  tasks.o
    0x0800384c   0x0800384c   0x0000008e   Code   RO          898    .text.xTaskPriorityDisinherit  tasks.o
    0x080038da   0x080038da   0x00000002   PAD
    0x080038dc   0x080038dc   0x00000072   Code   RO          872    .text.xTaskRemoveFromEventList  tasks.o
    0x0800394e   0x0800394e   0x00000002   PAD
    0x08003950   0x08003950   0x000000ee   Code   RO          826    .text.xTaskResumeAll  tasks.o
    0x08003a3e   0x08003a3e   0x00000002   PAD
    0x08003a40   0x08003a40   0x000000b4   Code   RO          931    .text.xTimerCreateTimerTask  timers.o
    0x08003af4   0x08003af4   0x0000000e   Code   RO         1235    i.__scatterload_copy  mc_w.l(handlers.o)
    0x08003b02   0x08003b02   0x00000002   Code   RO         1236    i.__scatterload_null  mc_w.l(handlers.o)
    0x08003b04   0x08003b04   0x0000000e   Code   RO         1237    i.__scatterload_zeroinit  mc_w.l(handlers.o)
    0x08003b12   0x08003b12   0x00000002   PAD
    0x08003b14   0x08003b14   0x00000024   Code   RO         1200    i.puts              mc_w.l(puts.o)
    0x08003b38   0x08003b38   0x00000010   Data   RO          624    .rodata.AHBPrescTable  system_stm32f4xx.o
    0x08003b48   0x08003b48   0x00000008   Data   RO          625    .rodata.APBPrescTable  system_stm32f4xx.o
    0x08003b50   0x08003b50   0x00000024   Data   RO           29    .rodata.appTaskCreate_attributes  main.o
    0x08003b74   0x08003b74   0x00000024   Data   RO           28    .rodata.defaultTask_attributes  main.o
    0x08003b98   0x08003b98   0x00000024   Data   RO           30    .rodata.led1Task_attributes  main.o
    0x08003bbc   0x08003bbc   0x00000024   Data   RO           31    .rodata.led2Task_attributes  main.o
    0x08003be0   0x08003be0   0x0000008b   Data   RO           27    .rodata.str1.1      main.o
    0x08003c6b   0x08003c6b   0x00000005   Data   RO          971    .rodata.str1.1      timers.o
    0x08003c70   0x08003c70   0x00000020   Data   RO         1234    Region$$Table       anon$$obj.o


    Execution Region RW_IRAM1 (Exec base: 0x20000000, Load base: 0x08003c90, Size: 0x00004dc8, Max: 0x00020000, ABSOLUTE)

    Exec Addr    Load Addr    Size         Type   Attr      Idx    E Section Name        Object

    0x20000000   0x08003c90   0x00000004   Data   RW         1226    .data               mc_w.l(stdout.o)
    0x20000004   0x08003c94   0x00000008   Data   RW          462    .data..L_MergedGlobals  stm32f4xx_hal.o
    0x2000000c   0x08003c9c   0x00000004   Data   RW          623    .data.SystemCoreClock  system_stm32f4xx.o
    0x20000010   0x08003ca0   0x00000004   Data   RW         1188    .data.uxCriticalNesting  port.o
    0x20000014   0x08003ca4   0x00000004   PAD
    0x20000018        -       0x00000058   Zero   RW           33    .bss..L_MergedGlobals  main.o
    0x20000070        -       0x00000078   Zero   RW          921    .bss..L_MergedGlobals  tasks.o
    0x200000e8        -       0x0000003c   Zero   RW          972    .bss..L_MergedGlobals  timers.o
    0x20000124        -       0x00000020   Zero   RW         1155    .bss..L_MergedGlobals  heap_4.o
    0x20000144        -       0x00000008   Zero   RW         1189    .bss..L_MergedGlobals  port.o
    0x2000014c        -       0x00000028   Zero   RW          922    .bss..L_MergedGlobals.2  tasks.o
    0x20000174        -       0x00000004   Zero   RW         1129    .bss.KernelState    cmsis_os2.o
    0x20000178        -       0x000000a0   Zero   RW          970    .bss.prvCheckForValidListAndQueue.ucStaticTimerQueueStorage  timers.o
    0x20000218        -       0x00000050   Zero   RW          969    .bss.prvCheckForValidListAndQueue.xStaticTimerQueue  timers.o
    0x20000268        -       0x00000460   Zero   RW          920    .bss.pxReadyTasksLists  tasks.o
    0x200006c8        -       0x00003c00   Zero   RW         1154    .bss.ucHeap         heap_4.o
    0x200042c8        -       0x00000004   Zero   RW          461    .bss.uwTick         stm32f4xx_hal.o
    0x200042cc        -       0x00000200   Zero   RW         1131    .bss.vApplicationGetIdleTaskMemory.Idle_Stack  cmsis_os2.o
    0x200044cc        -       0x0000005c   Zero   RW         1130    .bss.vApplicationGetIdleTaskMemory.Idle_TCB  cmsis_os2.o
    0x20004528        -       0x00000400   Zero   RW         1133    .bss.vApplicationGetTimerTaskMemory.Timer_Stack  cmsis_os2.o
    0x20004928        -       0x0000005c   Zero   RW         1132    .bss.vApplicationGetTimerTaskMemory.Timer_TCB  cmsis_os2.o
    0x20004984        -       0x00000040   Zero   RW          755    .bss.xQueueRegistry  queue.o
    0x200049c4   0x08003ca4   0x00000004   PAD
    0x200049c8        -       0x00000400   Zero   RW            1    STACK               startup_stm32f411xe.o


==============================================================================

Image component sizes


      Code (inc. data)   RO Data    RW Data    ZI Data      Debug   Object Name

       334          0          0          0       1724      42707   cmsis_os2.o
       710          0          0          0      15392       5911   heap_4.o
       186          0          0          0          0       2386   list.o
       844        168        283          0         88       9808   main.o
       862         16          0          4          8       4365   port.o
      1782          0          0          0         64      30835   queue.o
        36          8        408          0       1024        848   startup_stm32f411xe.o
       164          0          0          8          4       6922   stm32f4xx_hal.o
       196          0          0          0          0      10269   stm32f4xx_hal_cortex.o
       178          0          0          0          0      10565   stm32f4xx_hal_dma.o
       424          0          0          0          0       5522   stm32f4xx_hal_gpio.o
       198          0          0          0          0       6491   stm32f4xx_hal_msp.o
      1484          4          0          0          0       7724   stm32f4xx_hal_rcc.o
      2428          0          0          0          0      32832   stm32f4xx_hal_uart.o
        48          0          0          0          0       4087   stm32f4xx_it.o
        18          0         24          4          0       2691   system_stm32f4xx.o
      3292          8          0          0       1280      44772   tasks.o
      1070         18          5          0        300      16662   timers.o

    ----------------------------------------------------------------------
     14384        222        752         16      19892     245397   Object Totals
         0          0         32          0          0          0   (incl. Generated)
       130          0          0          0          8          0   (incl. Padding)

    ----------------------------------------------------------------------

      Code (inc. data)   RO Data    RW Data    ZI Data      Debug   Library Member Name

         0          0          0          0          0          0   entry.o
         0          0          0          0          0          0   entry10a.o
         0          0          0          0          0          0   entry11a.o
         8          4          0          0          0          0   entry2.o
         4          0          0          0          0          0   entry5.o
         0          0          0          0          0          0   entry7b.o
         0          0          0          0          0          0   entry8b.o
         8          4          0          0          0          0   entry9a.o
        30          0          0          0          0          0   handlers.o
        48         10          0          0          0         68   init.o
        30          0          0          0          0         68   llshl.o
        32          0          0          0          0         68   llushr.o
        36          0          0          0          0         68   memcpya.o
        36          0          0          0          0        108   memseta.o
        36          6          0          0          0         80   puts.o
         0          0          0          4          0          0   stdout.o
        98          0          0          0          0         92   uldiv.o

    ----------------------------------------------------------------------
       368         24          0          4          0        552   Library Totals
         2          0          0          0          0          0   (incl. Padding)

    ----------------------------------------------------------------------

      Code (inc. data)   RO Data    RW Data    ZI Data      Debug   Library Name

       366         24          0          4          0        552   mc_w.l

    ----------------------------------------------------------------------
       368         24          0          4          0        552   Library Totals

    ----------------------------------------------------------------------

==============================================================================


      Code (inc. data)   RO Data    RW Data    ZI Data      Debug   

     14752        246        752         20      19892     245625   Grand Totals
     14752        246        752         20      19892     245625   ELF Image Totals
     14752        246        752         20          0          0   ROM Totals

==============================================================================

    Total RO  Size (Code + RO Data)                15504 (  15.14kB)
    Total RW  Size (RW Data + ZI Data)             19912 (  19.45kB)
    Total ROM Size (Code + RO Data + RW Data)      15524 (  15.16kB)

==============================================================================

